2026/05/25 19:53:59 [INFO] Packer version: 1.15.3 [go1.25.9 linux amd64]
2026/05/25 19:53:59 [INFO] PACKER_CONFIG env var not set; checking the default config file path
2026/05/25 19:53:59 [INFO] PACKER_CONFIG env var set; attempting to open config file: /home/cqban/.packerconfig
2026/05/25 19:53:59 [WARN] Config file doesn't exist: /home/cqban/.packerconfig
2026/05/25 19:53:59 [INFO] Setting cache directory: /home/cqban/.cache/packer
2026/05/25 19:53:59 [TRACE] listing potential installations for "github.com/hashicorp/proxmox" that match ">= 1.1.8". plugingetter.ListInstallationsOptions{PluginDirectory:"/home/cqban/.config/packer/plugins", BinaryInstallationOptions:plugingetter.BinaryInstallationOptions{APIVersionMajor:"5", APIVersionMinor:"0", OS:"linux", ARCH:"amd64", Ext:"", Checksummers:[]plugingetter.Checksummer{plugingetter.Checksummer{Type:"sha256", Hash:(*sha256.Digest)(0xc000090100)}}, ReleasesOnly:false}}
2026/05/25 19:53:59 [TRACE] Found the following "github.com/hashicorp/proxmox" installations: [{/home/cqban/.config/packer/plugins/github.com/hashicorp/proxmox/packer-plugin-proxmox_v1.2.3_x5.0_linux_amd64 v1.2.3 x5.0}]
2026/05/25 19:53:59 [INFO] found external [-packer-default-plugin-name- clone iso] builders from proxmox plugin
2026/05/25 19:53:59 [TRACE] listing potential installations for <nil> that match "". plugingetter.ListInstallationsOptions{PluginDirectory:"/home/cqban/.config/packer/plugins", BinaryInstallationOptions:plugingetter.BinaryInstallationOptions{APIVersionMajor:"5", APIVersionMinor:"0", OS:"linux", ARCH:"amd64", Ext:"", Checksummers:[]plugingetter.Checksummer{plugingetter.Checksummer{Type:"sha256", Hash:(*sha256.Digest)(0xc000ab0c00)}}, ReleasesOnly:false}}
2026/05/25 19:53:59 [INFO] found external [-packer-default-plugin-name- clone iso] builders from proxmox plugin
2026/05/25 19:53:59 [TRACE] validateValue: not active for vm_memory, so skipping
2026/05/25 19:53:59 [TRACE] validateValue: not active for timezone, so skipping
2026/05/25 19:53:59 [TRACE] validateValue: not active for vm_dns, so skipping
2026/05/25 19:53:59 [TRACE] validateValue: not active for vm_name, so skipping
2026/05/25 19:53:59 [TRACE] validateValue: not active for proxmox_node, so skipping
2026/05/25 19:53:59 [TRACE] validateValue: not active for iso_file, so skipping
2026/05/25 19:53:59 [TRACE] validateValue: not active for vm_ip, so skipping
2026/05/25 19:53:59 [TRACE] validateValue: not active for vm_network_prefix, so skipping
2026/05/25 19:53:59 [TRACE] validateValue: not active for template_uuid, so skipping
2026/05/25 19:53:59 [TRACE] validateValue: not active for proxmox_storage, so skipping
2026/05/25 19:53:59 [TRACE] validateValue: not active for iso_checksum, so skipping
2026/05/25 19:53:59 [TRACE] validateValue: not active for vm_cpu_cores, so skipping
2026/05/25 19:53:59 [TRACE] validateValue: not active for vm_cpu_sockets, so skipping
2026/05/25 19:53:59 [TRACE] validateValue: not active for network_bridge, so skipping
2026/05/25 19:53:59 [TRACE] validateValue: not active for proxmox_username, so skipping
2026/05/25 19:53:59 [TRACE] validateValue: not active for proxmox_skip_tls_verify, so skipping
2026/05/25 19:53:59 [TRACE] validateValue: not active for iso_storage_pool, so skipping
2026/05/25 19:53:59 [TRACE] validateValue: not active for winrm_password, so skipping
2026/05/25 19:53:59 [TRACE] validateValue: not active for iso_url, so skipping
2026/05/25 19:53:59 [TRACE] validateValue: not active for computer_name, so skipping
2026/05/25 19:53:59 [TRACE] validateValue: not active for template_description, so skipping
2026/05/25 19:53:59 [TRACE] validateValue: not active for vm_disk_size, so skipping
2026/05/25 19:53:59 [TRACE] validateValue: not active for network_vlan_id, so skipping
2026/05/25 19:53:59 [TRACE] validateValue: not active for proxmox_password, so skipping
2026/05/25 19:53:59 [TRACE] validateValue: not active for virtio_iso_file, so skipping
2026/05/25 19:53:59 [TRACE] validateValue: not active for vm_gateway, so skipping
2026/05/25 19:53:59 [TRACE] validateValue: not active for adaptive_endpoint, so skipping
2026/05/25 19:53:59 [TRACE] validateValue: not active for proxmox_url, so skipping
2026/05/25 19:53:59 [TRACE] validateValue: not active for iso_already_downloaded, so skipping
2026/05/25 19:53:59 [TRACE] validateValue: not active for vm_id, so skipping
2026/05/25 19:53:59 [TRACE] validateValue: not active for winrm_username, so skipping
2026/05/25 19:53:59 [TRACE] validateValue: not active for os_image_index, so skipping
2026/05/25 19:53:59 [TRACE] Using protobuf for communication with plugins
2026/05/25 19:53:59 [INFO] Starting external plugin /home/cqban/.config/packer/plugins/github.com/hashicorp/proxmox/packer-plugin-proxmox_v1.2.3_x5.0_linux_amd64 start builder --protobuf iso
2026/05/25 19:53:59 Starting plugin: /home/cqban/.config/packer/plugins/github.com/hashicorp/proxmox/packer-plugin-proxmox_v1.2.3_x5.0_linux_amd64 []string{"/home/cqban/.config/packer/plugins/github.com/hashicorp/proxmox/packer-plugin-proxmox_v1.2.3_x5.0_linux_amd64", "start", "builder", "--protobuf", "iso"}
2026/05/25 19:53:59 Waiting for RPC address for: /home/cqban/.config/packer/plugins/github.com/hashicorp/proxmox/packer-plugin-proxmox_v1.2.3_x5.0_linux_amd64
2026/05/25 19:53:59 packer-plugin-proxmox_v1.2.3_x5.0_linux_amd64 plugin: 2026/05/25 19:53:59 Plugin address: unix /tmp/packer-plugin2693322306
2026/05/25 19:53:59 packer-plugin-proxmox_v1.2.3_x5.0_linux_amd64 plugin: 2026/05/25 19:53:59 Waiting for connection...
2026/05/25 19:53:59 Received unix RPC address for /home/cqban/.config/packer/plugins/github.com/hashicorp/proxmox/packer-plugin-proxmox_v1.2.3_x5.0_linux_amd64: addr is /tmp/packer-plugin2693322306
2026/05/25 19:53:59 packer-plugin-proxmox_v1.2.3_x5.0_linux_amd64 plugin: 2026/05/25 19:53:59 Serving a plugin connection...
2026/05/25 19:53:59 packer-plugin-proxmox_v1.2.3_x5.0_linux_amd64 plugin: 2026/05/25 19:53:59 [TRACE] starting builder iso
2026/05/25 19:53:59 packer-plugin-proxmox_v1.2.3_x5.0_linux_amd64 plugin: 2026/05/25 19:53:59 [DEBUG] - common: sending ConfigSpec as protobuf
2026/05/25 19:53:59 [DEBUG] - common: receiving ConfigSpec as protobuf
2026/05/25 19:53:59 packer-plugin-proxmox_v1.2.3_x5.0_linux_amd64 plugin: 2026/05/25 19:53:59 CPU type not set, using default 'kvm64'
2026/05/25 19:53:59 packer-plugin-proxmox_v1.2.3_x5.0_linux_amd64 plugin: 2026/05/25 19:53:59 [DEBUG] - common: sending ConfigSpec as protobuf
2026/05/25 19:53:59 [DEBUG] - common: receiving ConfigSpec as protobuf
2026/05/25 19:53:59 [INFO] Starting external plugin /usr/bin/packer execute --protobuf packer-provisioner-powershell
2026/05/25 19:53:59 Starting plugin: /usr/bin/packer []string{"/usr/bin/packer", "execute", "--protobuf", "packer-provisioner-powershell"}
2026/05/25 19:53:59 Waiting for RPC address for: /usr/bin/packer
2026/05/25 19:53:59 packer-provisioner-powershell plugin: [INFO] Packer version: 1.15.3 [go1.25.9 linux amd64]
2026/05/25 19:53:59 packer-provisioner-powershell plugin: [INFO] PACKER_CONFIG env var not set; checking the default config file path
2026/05/25 19:53:59 packer-provisioner-powershell plugin: [INFO] PACKER_CONFIG env var set; attempting to open config file: /home/cqban/.packerconfig
2026/05/25 19:53:59 packer-provisioner-powershell plugin: [WARN] Config file doesn't exist: /home/cqban/.packerconfig
2026/05/25 19:53:59 packer-provisioner-powershell plugin: [INFO] Setting cache directory: /home/cqban/.cache/packer
2026/05/25 19:53:59 packer-provisioner-powershell plugin: Plugin address: unix /tmp/packer-plugin3527171746
2026/05/25 19:53:59 packer-provisioner-powershell plugin: Waiting for connection...
2026/05/25 19:53:59 Received unix RPC address for /usr/bin/packer: addr is /tmp/packer-plugin3527171746
2026/05/25 19:53:59 packer-provisioner-powershell plugin: Serving a plugin connection...
2026/05/25 19:53:59 packer-provisioner-powershell plugin: [DEBUG] - common: sending ConfigSpec as protobuf
2026/05/25 19:53:59 [DEBUG] - common: receiving ConfigSpec as protobuf
2026/05/25 19:53:59 packer-provisioner-powershell plugin: Using script default execute command powershell -executionpolicy bypass "& { if (Test-Path variable:global:ProgressPreference){set-variable -name variable:global:ProgressPreference -value 'SilentlyContinue'};. {{.Vars}}; &'{{.Path}}'; exit $LastExitCode }"
2026/05/25 19:53:59 packer-provisioner-powershell plugin: Using script default elevated execute command powershell -executionpolicy bypass "& { if (Test-Path variable:global:ProgressPreference){set-variable -name variable:global:ProgressPreference -value 'SilentlyContinue'};. {{.Vars}}; &'{{.Path}}'; exit $LastExitCode }"
2026/05/25 19:53:59 packer-provisioner-powershell plugin: [DEBUG] - common: sending ConfigSpec as protobuf
2026/05/25 19:53:59 [DEBUG] - common: receiving ConfigSpec as protobuf
2026/05/25 19:53:59 [INFO] Starting external plugin /usr/bin/packer execute --protobuf packer-provisioner-powershell
2026/05/25 19:53:59 Starting plugin: /usr/bin/packer []string{"/usr/bin/packer", "execute", "--protobuf", "packer-provisioner-powershell"}
2026/05/25 19:53:59 Waiting for RPC address for: /usr/bin/packer
2026/05/25 19:53:59 packer-provisioner-powershell plugin: [INFO] Packer version: 1.15.3 [go1.25.9 linux amd64]
2026/05/25 19:53:59 packer-provisioner-powershell plugin: [INFO] PACKER_CONFIG env var not set; checking the default config file path
2026/05/25 19:53:59 packer-provisioner-powershell plugin: [INFO] PACKER_CONFIG env var set; attempting to open config file: /home/cqban/.packerconfig
2026/05/25 19:53:59 packer-provisioner-powershell plugin: [WARN] Config file doesn't exist: /home/cqban/.packerconfig
2026/05/25 19:53:59 packer-provisioner-powershell plugin: [INFO] Setting cache directory: /home/cqban/.cache/packer
2026/05/25 19:53:59 Received unix RPC address for /usr/bin/packer: addr is /tmp/packer-plugin263609085
2026/05/25 19:53:59 packer-provisioner-powershell plugin: Plugin address: unix /tmp/packer-plugin263609085
2026/05/25 19:53:59 packer-provisioner-powershell plugin: Waiting for connection...
2026/05/25 19:53:59 packer-provisioner-powershell plugin: Serving a plugin connection...
2026/05/25 19:53:59 packer-provisioner-powershell plugin: [DEBUG] - common: sending ConfigSpec as protobuf
2026/05/25 19:53:59 [DEBUG] - common: receiving ConfigSpec as protobuf
2026/05/25 19:53:59 packer-provisioner-powershell plugin: Using script default execute command powershell -executionpolicy bypass "& { if (Test-Path variable:global:ProgressPreference){set-variable -name variable:global:ProgressPreference -value 'SilentlyContinue'};. {{.Vars}}; &'{{.Path}}'; exit $LastExitCode }"
2026/05/25 19:53:59 packer-provisioner-powershell plugin: Using script default elevated execute command powershell -executionpolicy bypass "& { if (Test-Path variable:global:ProgressPreference){set-variable -name variable:global:ProgressPreference -value 'SilentlyContinue'};. {{.Vars}}; &'{{.Path}}'; exit $LastExitCode }"
2026/05/25 19:53:59 packer-provisioner-powershell plugin: [DEBUG] - common: sending ConfigSpec as protobuf
2026/05/25 19:53:59 [DEBUG] - common: receiving ConfigSpec as protobuf
2026/05/25 19:53:59 [INFO] Starting external plugin /usr/bin/packer execute --protobuf packer-provisioner-file
2026/05/25 19:53:59 Starting plugin: /usr/bin/packer []string{"/usr/bin/packer", "execute", "--protobuf", "packer-provisioner-file"}
2026/05/25 19:53:59 Waiting for RPC address for: /usr/bin/packer
2026/05/25 19:53:59 packer-provisioner-file plugin: [INFO] Packer version: 1.15.3 [go1.25.9 linux amd64]
2026/05/25 19:53:59 packer-provisioner-file plugin: [INFO] PACKER_CONFIG env var not set; checking the default config file path
2026/05/25 19:53:59 packer-provisioner-file plugin: [INFO] PACKER_CONFIG env var set; attempting to open config file: /home/cqban/.packerconfig
2026/05/25 19:53:59 packer-provisioner-file plugin: [WARN] Config file doesn't exist: /home/cqban/.packerconfig
2026/05/25 19:53:59 packer-provisioner-file plugin: [INFO] Setting cache directory: /home/cqban/.cache/packer
2026/05/25 19:53:59 Received unix RPC address for /usr/bin/packer: addr is /tmp/packer-plugin2550467380
2026/05/25 19:53:59 packer-provisioner-file plugin: Plugin address: unix /tmp/packer-plugin2550467380
2026/05/25 19:53:59 packer-provisioner-file plugin: Waiting for connection...
2026/05/25 19:53:59 packer-provisioner-file plugin: Serving a plugin connection...
2026/05/25 19:53:59 packer-provisioner-file plugin: [DEBUG] - common: sending ConfigSpec as protobuf
2026/05/25 19:53:59 [DEBUG] - common: receiving ConfigSpec as protobuf
2026/05/25 19:53:59 packer-provisioner-file plugin: [DEBUG] - common: sending ConfigSpec as protobuf
2026/05/25 19:53:59 [DEBUG] - common: receiving ConfigSpec as protobuf
2026/05/25 19:53:59 [INFO] Starting external plugin /usr/bin/packer execute --protobuf packer-provisioner-file
2026/05/25 19:53:59 Starting plugin: /usr/bin/packer []string{"/usr/bin/packer", "execute", "--protobuf", "packer-provisioner-file"}
2026/05/25 19:53:59 Waiting for RPC address for: /usr/bin/packer
2026/05/25 19:53:59 packer-provisioner-file plugin: [INFO] Packer version: 1.15.3 [go1.25.9 linux amd64]
2026/05/25 19:53:59 packer-provisioner-file plugin: [INFO] PACKER_CONFIG env var not set; checking the default config file path
2026/05/25 19:53:59 packer-provisioner-file plugin: [INFO] PACKER_CONFIG env var set; attempting to open config file: /home/cqban/.packerconfig
2026/05/25 19:53:59 packer-provisioner-file plugin: [WARN] Config file doesn't exist: /home/cqban/.packerconfig
2026/05/25 19:53:59 packer-provisioner-file plugin: [INFO] Setting cache directory: /home/cqban/.cache/packer
2026/05/25 19:53:59 packer-provisioner-file plugin: Plugin address: unix /tmp/packer-plugin17759814
2026/05/25 19:53:59 packer-provisioner-file plugin: Waiting for connection...
2026/05/25 19:53:59 Received unix RPC address for /usr/bin/packer: addr is /tmp/packer-plugin17759814
2026/05/25 19:53:59 packer-provisioner-file plugin: Serving a plugin connection...
2026/05/25 19:53:59 packer-provisioner-file plugin: [DEBUG] - common: sending ConfigSpec as protobuf
2026/05/25 19:53:59 [DEBUG] - common: receiving ConfigSpec as protobuf
2026/05/25 19:53:59 packer-provisioner-file plugin: [DEBUG] - common: sending ConfigSpec as protobuf
2026/05/25 19:53:59 [DEBUG] - common: receiving ConfigSpec as protobuf
2026/05/25 19:53:59 [INFO] Starting external plugin /usr/bin/packer execute --protobuf packer-provisioner-file
2026/05/25 19:53:59 Starting plugin: /usr/bin/packer []string{"/usr/bin/packer", "execute", "--protobuf", "packer-provisioner-file"}
2026/05/25 19:53:59 Waiting for RPC address for: /usr/bin/packer
2026/05/25 19:53:59 packer-provisioner-file plugin: [INFO] Packer version: 1.15.3 [go1.25.9 linux amd64]
2026/05/25 19:53:59 packer-provisioner-file plugin: [INFO] PACKER_CONFIG env var not set; checking the default config file path
2026/05/25 19:53:59 packer-provisioner-file plugin: [INFO] PACKER_CONFIG env var set; attempting to open config file: /home/cqban/.packerconfig
2026/05/25 19:53:59 packer-provisioner-file plugin: [WARN] Config file doesn't exist: /home/cqban/.packerconfig
2026/05/25 19:53:59 packer-provisioner-file plugin: [INFO] Setting cache directory: /home/cqban/.cache/packer
2026/05/25 19:53:59 Received unix RPC address for /usr/bin/packer: addr is /tmp/packer-plugin1603711626
2026/05/25 19:53:59 packer-provisioner-file plugin: Plugin address: unix /tmp/packer-plugin1603711626
2026/05/25 19:53:59 packer-provisioner-file plugin: Waiting for connection...
2026/05/25 19:53:59 packer-provisioner-file plugin: Serving a plugin connection...
2026/05/25 19:53:59 packer-provisioner-file plugin: [DEBUG] - common: sending ConfigSpec as protobuf
2026/05/25 19:53:59 [DEBUG] - common: receiving ConfigSpec as protobuf
2026/05/25 19:53:59 packer-provisioner-file plugin: [DEBUG] - common: sending ConfigSpec as protobuf
2026/05/25 19:53:59 [DEBUG] - common: receiving ConfigSpec as protobuf
2026/05/25 19:53:59 [INFO] Starting external plugin /usr/bin/packer execute --protobuf packer-provisioner-windows-restart
2026/05/25 19:53:59 Starting plugin: /usr/bin/packer []string{"/usr/bin/packer", "execute", "--protobuf", "packer-provisioner-windows-restart"}
2026/05/25 19:53:59 Waiting for RPC address for: /usr/bin/packer
2026/05/25 19:53:59 packer-provisioner-windows-restart plugin: [INFO] Packer version: 1.15.3 [go1.25.9 linux amd64]
2026/05/25 19:53:59 packer-provisioner-windows-restart plugin: [INFO] PACKER_CONFIG env var not set; checking the default config file path
2026/05/25 19:53:59 packer-provisioner-windows-restart plugin: [INFO] PACKER_CONFIG env var set; attempting to open config file: /home/cqban/.packerconfig
2026/05/25 19:53:59 packer-provisioner-windows-restart plugin: [WARN] Config file doesn't exist: /home/cqban/.packerconfig
2026/05/25 19:53:59 packer-provisioner-windows-restart plugin: [INFO] Setting cache directory: /home/cqban/.cache/packer
2026/05/25 19:53:59 packer-provisioner-windows-restart plugin: Plugin address: unix /tmp/packer-plugin1550924540
2026/05/25 19:53:59 packer-provisioner-windows-restart plugin: Waiting for connection...
2026/05/25 19:53:59 Received unix RPC address for /usr/bin/packer: addr is /tmp/packer-plugin1550924540
2026/05/25 19:53:59 packer-provisioner-windows-restart plugin: Serving a plugin connection...
2026/05/25 19:53:59 packer-provisioner-windows-restart plugin: [DEBUG] - common: sending ConfigSpec as protobuf
2026/05/25 19:53:59 [DEBUG] - common: receiving ConfigSpec as protobuf
2026/05/25 19:53:59 packer-provisioner-windows-restart plugin: [DEBUG] - common: sending ConfigSpec as protobuf
2026/05/25 19:53:59 [DEBUG] - common: receiving ConfigSpec as protobuf
2026/05/25 19:53:59 [INFO] Starting external plugin /usr/bin/packer execute --protobuf packer-provisioner-powershell
2026/05/25 19:53:59 Starting plugin: /usr/bin/packer []string{"/usr/bin/packer", "execute", "--protobuf", "packer-provisioner-powershell"}
2026/05/25 19:53:59 Waiting for RPC address for: /usr/bin/packer
2026/05/25 19:53:59 packer-provisioner-powershell plugin: [INFO] Packer version: 1.15.3 [go1.25.9 linux amd64]
2026/05/25 19:53:59 packer-provisioner-powershell plugin: [INFO] PACKER_CONFIG env var not set; checking the default config file path
2026/05/25 19:53:59 packer-provisioner-powershell plugin: [INFO] PACKER_CONFIG env var set; attempting to open config file: /home/cqban/.packerconfig
2026/05/25 19:53:59 packer-provisioner-powershell plugin: [WARN] Config file doesn't exist: /home/cqban/.packerconfig
2026/05/25 19:53:59 packer-provisioner-powershell plugin: [INFO] Setting cache directory: /home/cqban/.cache/packer
2026/05/25 19:53:59 packer-provisioner-powershell plugin: Plugin address: unix /tmp/packer-plugin2947657446
2026/05/25 19:53:59 packer-provisioner-powershell plugin: Waiting for connection...
2026/05/25 19:53:59 Received unix RPC address for /usr/bin/packer: addr is /tmp/packer-plugin2947657446
2026/05/25 19:53:59 packer-provisioner-powershell plugin: Serving a plugin connection...
2026/05/25 19:53:59 packer-provisioner-powershell plugin: [DEBUG] - common: sending ConfigSpec as protobuf
2026/05/25 19:53:59 [DEBUG] - common: receiving ConfigSpec as protobuf
2026/05/25 19:53:59 packer-provisioner-powershell plugin: Using script default execute command powershell -executionpolicy bypass "& { if (Test-Path variable:global:ProgressPreference){set-variable -name variable:global:ProgressPreference -value 'SilentlyContinue'};. {{.Vars}}; &'{{.Path}}'; exit $LastExitCode }"
2026/05/25 19:53:59 packer-provisioner-powershell plugin: Using script default elevated execute command powershell -executionpolicy bypass "& { if (Test-Path variable:global:ProgressPreference){set-variable -name variable:global:ProgressPreference -value 'SilentlyContinue'};. {{.Vars}}; &'{{.Path}}'; exit $LastExitCode }"
2026/05/25 19:53:59 packer-provisioner-powershell plugin: [DEBUG] - common: sending ConfigSpec as protobuf
2026/05/25 19:53:59 [DEBUG] - common: receiving ConfigSpec as protobuf
2026/05/25 19:53:59 [INFO] Starting external plugin /usr/bin/packer execute --protobuf packer-provisioner-powershell
2026/05/25 19:53:59 Starting plugin: /usr/bin/packer []string{"/usr/bin/packer", "execute", "--protobuf", "packer-provisioner-powershell"}
2026/05/25 19:53:59 Waiting for RPC address for: /usr/bin/packer
2026/05/25 19:53:59 packer-provisioner-powershell plugin: [INFO] Packer version: 1.15.3 [go1.25.9 linux amd64]
2026/05/25 19:53:59 packer-provisioner-powershell plugin: [INFO] PACKER_CONFIG env var not set; checking the default config file path
2026/05/25 19:53:59 packer-provisioner-powershell plugin: [INFO] PACKER_CONFIG env var set; attempting to open config file: /home/cqban/.packerconfig
2026/05/25 19:53:59 packer-provisioner-powershell plugin: [WARN] Config file doesn't exist: /home/cqban/.packerconfig
2026/05/25 19:53:59 packer-provisioner-powershell plugin: [INFO] Setting cache directory: /home/cqban/.cache/packer
2026/05/25 19:53:59 packer-provisioner-powershell plugin: Plugin address: unix /tmp/packer-plugin2630150400
2026/05/25 19:53:59 packer-provisioner-powershell plugin: Waiting for connection...
2026/05/25 19:53:59 Received unix RPC address for /usr/bin/packer: addr is /tmp/packer-plugin2630150400
2026/05/25 19:53:59 packer-provisioner-powershell plugin: Serving a plugin connection...
2026/05/25 19:53:59 packer-provisioner-powershell plugin: [DEBUG] - common: sending ConfigSpec as protobuf
2026/05/25 19:53:59 [DEBUG] - common: receiving ConfigSpec as protobuf
2026/05/25 19:53:59 packer-provisioner-powershell plugin: Using script default execute command powershell -executionpolicy bypass "& { if (Test-Path variable:global:ProgressPreference){set-variable -name variable:global:ProgressPreference -value 'SilentlyContinue'};. {{.Vars}}; &'{{.Path}}'; exit $LastExitCode }"
2026/05/25 19:53:59 packer-provisioner-powershell plugin: Using script default elevated execute command powershell -executionpolicy bypass "& { if (Test-Path variable:global:ProgressPreference){set-variable -name variable:global:ProgressPreference -value 'SilentlyContinue'};. {{.Vars}}; &'{{.Path}}'; exit $LastExitCode }"
2026/05/25 19:53:59 packer-provisioner-powershell plugin: [DEBUG] - common: sending ConfigSpec as protobuf
2026/05/25 19:53:59 [DEBUG] - common: receiving ConfigSpec as protobuf
2026/05/25 19:53:59 [INFO] Starting external plugin /usr/bin/packer execute --protobuf packer-provisioner-file
2026/05/25 19:53:59 Starting plugin: /usr/bin/packer []string{"/usr/bin/packer", "execute", "--protobuf", "packer-provisioner-file"}
2026/05/25 19:53:59 Waiting for RPC address for: /usr/bin/packer
2026/05/25 19:53:59 packer-provisioner-file plugin: [INFO] Packer version: 1.15.3 [go1.25.9 linux amd64]
2026/05/25 19:53:59 packer-provisioner-file plugin: [INFO] PACKER_CONFIG env var not set; checking the default config file path
2026/05/25 19:53:59 packer-provisioner-file plugin: [INFO] PACKER_CONFIG env var set; attempting to open config file: /home/cqban/.packerconfig
2026/05/25 19:53:59 packer-provisioner-file plugin: [WARN] Config file doesn't exist: /home/cqban/.packerconfig
2026/05/25 19:53:59 packer-provisioner-file plugin: [INFO] Setting cache directory: /home/cqban/.cache/packer
2026/05/25 19:53:59 packer-provisioner-file plugin: Plugin address: unix /tmp/packer-plugin3720909994
2026/05/25 19:53:59 packer-provisioner-file plugin: Waiting for connection...
2026/05/25 19:53:59 Received unix RPC address for /usr/bin/packer: addr is /tmp/packer-plugin3720909994
2026/05/25 19:53:59 packer-provisioner-file plugin: Serving a plugin connection...
2026/05/25 19:53:59 packer-provisioner-file plugin: [DEBUG] - common: sending ConfigSpec as protobuf
2026/05/25 19:53:59 [DEBUG] - common: receiving ConfigSpec as protobuf
2026/05/25 19:53:59 packer-provisioner-file plugin: [DEBUG] - common: sending ConfigSpec as protobuf
2026/05/25 19:53:59 [DEBUG] - common: receiving ConfigSpec as protobuf
2026/05/25 19:53:59 [INFO] Starting external plugin /usr/bin/packer execute --protobuf packer-provisioner-powershell
2026/05/25 19:53:59 Starting plugin: /usr/bin/packer []string{"/usr/bin/packer", "execute", "--protobuf", "packer-provisioner-powershell"}
2026/05/25 19:53:59 Waiting for RPC address for: /usr/bin/packer
2026/05/25 19:53:59 packer-provisioner-powershell plugin: [INFO] Packer version: 1.15.3 [go1.25.9 linux amd64]
2026/05/25 19:53:59 packer-provisioner-powershell plugin: [INFO] PACKER_CONFIG env var not set; checking the default config file path
2026/05/25 19:53:59 packer-provisioner-powershell plugin: [INFO] PACKER_CONFIG env var set; attempting to open config file: /home/cqban/.packerconfig
2026/05/25 19:53:59 packer-provisioner-powershell plugin: [WARN] Config file doesn't exist: /home/cqban/.packerconfig
2026/05/25 19:53:59 packer-provisioner-powershell plugin: [INFO] Setting cache directory: /home/cqban/.cache/packer
2026/05/25 19:53:59 Received unix RPC address for /usr/bin/packer: addr is /tmp/packer-plugin859309502
2026/05/25 19:53:59 packer-provisioner-powershell plugin: Plugin address: unix /tmp/packer-plugin859309502
2026/05/25 19:53:59 packer-provisioner-powershell plugin: Waiting for connection...
2026/05/25 19:53:59 packer-provisioner-powershell plugin: Serving a plugin connection...
2026/05/25 19:53:59 packer-provisioner-powershell plugin: [DEBUG] - common: sending ConfigSpec as protobuf
2026/05/25 19:53:59 [DEBUG] - common: receiving ConfigSpec as protobuf
2026/05/25 19:53:59 packer-provisioner-powershell plugin: Using script default execute command powershell -executionpolicy bypass "& { if (Test-Path variable:global:ProgressPreference){set-variable -name variable:global:ProgressPreference -value 'SilentlyContinue'};. {{.Vars}}; &'{{.Path}}'; exit $LastExitCode }"
2026/05/25 19:53:59 packer-provisioner-powershell plugin: Using script default elevated execute command powershell -executionpolicy bypass "& { if (Test-Path variable:global:ProgressPreference){set-variable -name variable:global:ProgressPreference -value 'SilentlyContinue'};. {{.Vars}}; &'{{.Path}}'; exit $LastExitCode }"
2026/05/25 19:53:59 packer-provisioner-powershell plugin: [DEBUG] - common: sending ConfigSpec as protobuf
2026/05/25 19:53:59 [DEBUG] - common: receiving ConfigSpec as protobuf
2026/05/25 19:53:59 ui: [1;32mwindows-server-2022.proxmox-iso.windows-server-2022: output will be in this color.[0m
2026/05/25 19:53:59 ui: 
2026/05/25 19:53:59 Build debug mode: false
2026/05/25 19:53:59 Force build: false
2026/05/25 19:53:59 On error: 
2026/05/25 19:53:59 Waiting on builds to complete...
2026/05/25 19:53:59 Starting build run: windows-server-2022.proxmox-iso.windows-server-2022
2026/05/25 19:53:59 Running builder: proxmox-iso
2026/05/25 19:53:59 [INFO] (telemetry) Starting builder proxmox-iso.windows-server-2022
2026/05/25 19:53:59 packer-plugin-proxmox_v1.2.3_x5.0_linux_amd64 plugin: 2026/05/25 19:53:59 using password auth
2026/05/25 19:54:00 packer-plugin-proxmox_v1.2.3_x5.0_linux_amd64 plugin: 2026/05/25 19:54:00 No CD files specified. CD disk will not be made.
2026/05/25 19:54:00 packer-plugin-proxmox_v1.2.3_x5.0_linux_amd64 plugin: 2026/05/25 19:54:00 No URLs were provided to Step Download. Continuing...
2026/05/25 19:54:00 packer-plugin-proxmox_v1.2.3_x5.0_linux_amd64 plugin: 2026/05/25 19:54:00 No CD files specified. CD disk will not be made.
2026/05/25 19:54:00 packer-plugin-proxmox_v1.2.3_x5.0_linux_amd64 plugin: 2026/05/25 19:54:00 No URLs were provided to Step Download. Continuing...
2026/05/25 19:54:00 packer-plugin-proxmox_v1.2.3_x5.0_linux_amd64 plugin: 2026/05/25 19:54:00 No CD files specified. CD disk will not be made.
2026/05/25 19:54:00 packer-plugin-proxmox_v1.2.3_x5.0_linux_amd64 plugin: 2026/05/25 19:54:00 No URLs were provided to Step Download. Continuing...
2026/05/25 19:54:00 ui: [1;32m==> windows-server-2022.proxmox-iso.windows-server-2022: Creating CD disk...[0m
2026/05/25 19:54:00 packer-plugin-proxmox_v1.2.3_x5.0_linux_amd64 plugin: 2026/05/25 19:54:00 CD label is set to Unattend
2026/05/25 19:54:00 packer-plugin-proxmox_v1.2.3_x5.0_linux_amd64 plugin: 2026/05/25 19:54:00 CD path: /tmp/packer2021091531.iso
2026/05/25 19:54:00 packer-plugin-proxmox_v1.2.3_x5.0_linux_amd64 plugin: 2026/05/25 19:54:00 Executing: /usr/bin/xorriso [-as genisoimage -rock -joliet -volid Unattend -output /tmp/packer2021091531.iso /tmp/packer_to_cdrom3950233588]
2026/05/25 19:54:00 ui: [1;32m==> windows-server-2022.proxmox-iso.windows-server-2022: xorriso 1.5.6 : RockRidge filesystem manipulator, libburnia project.[0m
2026/05/25 19:54:00 ui: [1;32m==> windows-server-2022.proxmox-iso.windows-server-2022: Drive current: -outdev 'stdio:/tmp/packer2021091531.iso'[0m
2026/05/25 19:54:00 ui: [1;32m==> windows-server-2022.proxmox-iso.windows-server-2022: Media current: stdio file, overwriteable[0m
2026/05/25 19:54:00 ui: [1;32m==> windows-server-2022.proxmox-iso.windows-server-2022: Media status : is blank[0m
2026/05/25 19:54:00 ui: [1;32m==> windows-server-2022.proxmox-iso.windows-server-2022: Media summary: 0 sessions, 0 data blocks, 0 data, 15.3g free[0m
2026/05/25 19:54:00 ui: [1;32m==> windows-server-2022.proxmox-iso.windows-server-2022: xorriso : WARNING : -volid text does not comply to ISO 9660 / ECMA 119 rules[0m
2026/05/25 19:54:00 ui: [1;32m==> windows-server-2022.proxmox-iso.windows-server-2022: Added to ISO image: directory '/'='/tmp/packer_to_cdrom3950233588'[0m
2026/05/25 19:54:00 ui: [1;32m==> windows-server-2022.proxmox-iso.windows-server-2022: xorriso : UPDATE :       1 files added in 1 seconds[0m
2026/05/25 19:54:00 ui: [1;32m==> windows-server-2022.proxmox-iso.windows-server-2022: xorriso : UPDATE :       1 files added in 1 seconds[0m
2026/05/25 19:54:00 ui: [1;32m==> windows-server-2022.proxmox-iso.windows-server-2022: ISO image produced: 188 sectors[0m
2026/05/25 19:54:00 ui: [1;32m==> windows-server-2022.proxmox-iso.windows-server-2022: Written to medium : 188 sectors at LBA 0[0m
2026/05/25 19:54:00 ui: [1;32m==> windows-server-2022.proxmox-iso.windows-server-2022: Writing to 'stdio:/tmp/packer2021091531.iso' completed successfully.[0m
2026/05/25 19:54:00 ui: [1;32m==> windows-server-2022.proxmox-iso.windows-server-2022: Done copying paths from CD_dirs[0m
2026/05/25 19:54:00 packer-plugin-proxmox_v1.2.3_x5.0_linux_amd64 plugin: 2026/05/25 19:54:00 No URLs were provided to Step Download. Continuing...
2026/05/25 19:54:02 ui: [1;32m==> windows-server-2022.proxmox-iso.windows-server-2022: Uploaded ISO to local:iso/packer2021091531.iso[0m
2026/05/25 19:54:02 packer-plugin-proxmox_v1.2.3_x5.0_linux_amd64 plugin: 2026/05/25 19:54:02 Mapping static assigned ISO to ide2
2026/05/25 19:54:02 packer-plugin-proxmox_v1.2.3_x5.0_linux_amd64 plugin: 2026/05/25 19:54:02 Mapping static assigned ISO to ide0
2026/05/25 19:54:02 packer-plugin-proxmox_v1.2.3_x5.0_linux_amd64 plugin: 2026/05/25 19:54:02 Mapping static assigned ISO to ide1
2026/05/25 19:54:02 packer-plugin-proxmox_v1.2.3_x5.0_linux_amd64 plugin: 2026/05/25 19:54:02 Mapping static assigned ISO to sata0
2026/05/25 19:54:02 packer-plugin-proxmox_v1.2.3_x5.0_linux_amd64 plugin: 2026/05/25 19:54:02 Mapping Disk to scsi0
2026/05/25 19:54:02 ui: [1;32m==> windows-server-2022.proxmox-iso.windows-server-2022: Creating VM[0m
2026/05/25 19:54:05 ui: [1;32m==> windows-server-2022.proxmox-iso.windows-server-2022: Starting VM[0m
2026/05/25 19:54:08 packer-plugin-proxmox_v1.2.3_x5.0_linux_amd64 plugin: 2026/05/25 19:54:08 No boot command given, skipping
2026/05/25 19:54:08 ui: [1;32m==> windows-server-2022.proxmox-iso.windows-server-2022: Using WinRM communicator to connect: 10.10.30.250[0m
2026/05/25 19:54:08 packer-plugin-proxmox_v1.2.3_x5.0_linux_amd64 plugin: 2026/05/25 19:54:08 Waiting for WinRM, up to timeout: 1h30m0s
2026/05/25 19:54:08 ui: [1;32m==> windows-server-2022.proxmox-iso.windows-server-2022: Waiting for WinRM to become available...[0m
2026/05/25 19:54:08 packer-plugin-proxmox_v1.2.3_x5.0_linux_amd64 plugin: 2026/05/25 19:54:08 [INFO] Attempting WinRM connection...
2026/05/25 19:54:08 packer-plugin-proxmox_v1.2.3_x5.0_linux_amd64 plugin: 2026/05/25 19:54:08 [DEBUG] connecting to remote shell using WinRM
2026/05/25 19:54:38 packer-plugin-proxmox_v1.2.3_x5.0_linux_amd64 plugin: 2026/05/25 19:54:38 [ERROR] connection error: unknown error Post "http://10.10.30.250:5985/wsman": dial tcp 10.10.30.250:5985: i/o timeout
2026/05/25 19:54:38 packer-plugin-proxmox_v1.2.3_x5.0_linux_amd64 plugin: 2026/05/25 19:54:38 [ERROR] WinRM connection err: unknown error Post "http://10.10.30.250:5985/wsman": dial tcp 10.10.30.250:5985: i/o timeout
2026/05/25 19:54:43 packer-plugin-proxmox_v1.2.3_x5.0_linux_amd64 plugin: 2026/05/25 19:54:43 [INFO] Attempting WinRM connection...
2026/05/25 19:54:43 packer-plugin-proxmox_v1.2.3_x5.0_linux_amd64 plugin: 2026/05/25 19:54:43 [DEBUG] connecting to remote shell using WinRM
2026/05/25 19:54:43 packer-plugin-proxmox_v1.2.3_x5.0_linux_amd64 plugin: 2026/05/25 19:54:43 [ERROR] connection error: unknown error Post "http://10.10.30.250:5985/wsman": dial tcp 10.10.30.250:5985: connect: connection refused
2026/05/25 19:54:43 packer-plugin-proxmox_v1.2.3_x5.0_linux_amd64 plugin: 2026/05/25 19:54:43 [ERROR] WinRM connection err: unknown error Post "http://10.10.30.250:5985/wsman": dial tcp 10.10.30.250:5985: connect: connection refused
2026/05/25 19:54:48 packer-plugin-proxmox_v1.2.3_x5.0_linux_amd64 plugin: 2026/05/25 19:54:48 [INFO] Attempting WinRM connection...
2026/05/25 19:54:48 packer-plugin-proxmox_v1.2.3_x5.0_linux_amd64 plugin: 2026/05/25 19:54:48 [DEBUG] connecting to remote shell using WinRM
2026/05/25 19:54:48 packer-plugin-proxmox_v1.2.3_x5.0_linux_amd64 plugin: 2026/05/25 19:54:48 [ERROR] connection error: unknown error Post "http://10.10.30.250:5985/wsman": dial tcp 10.10.30.250:5985: connect: connection refused
2026/05/25 19:54:48 packer-plugin-proxmox_v1.2.3_x5.0_linux_amd64 plugin: 2026/05/25 19:54:48 [ERROR] WinRM connection err: unknown error Post "http://10.10.30.250:5985/wsman": dial tcp 10.10.30.250:5985: connect: connection refused
2026/05/25 19:54:53 packer-plugin-proxmox_v1.2.3_x5.0_linux_amd64 plugin: 2026/05/25 19:54:53 [INFO] Attempting WinRM connection...
2026/05/25 19:54:53 packer-plugin-proxmox_v1.2.3_x5.0_linux_amd64 plugin: 2026/05/25 19:54:53 [DEBUG] connecting to remote shell using WinRM
2026/05/25 19:54:53 packer-plugin-proxmox_v1.2.3_x5.0_linux_amd64 plugin: 2026/05/25 19:54:53 [ERROR] connection error: unknown error Post "http://10.10.30.250:5985/wsman": dial tcp 10.10.30.250:5985: connect: connection refused
2026/05/25 19:54:53 packer-plugin-proxmox_v1.2.3_x5.0_linux_amd64 plugin: 2026/05/25 19:54:53 [ERROR] WinRM connection err: unknown error Post "http://10.10.30.250:5985/wsman": dial tcp 10.10.30.250:5985: connect: connection refused
2026/05/25 19:54:58 packer-plugin-proxmox_v1.2.3_x5.0_linux_amd64 plugin: 2026/05/25 19:54:58 [INFO] Attempting WinRM connection...
2026/05/25 19:54:58 packer-plugin-proxmox_v1.2.3_x5.0_linux_amd64 plugin: 2026/05/25 19:54:58 [DEBUG] connecting to remote shell using WinRM
2026/05/25 19:54:59 packer-plugin-proxmox_v1.2.3_x5.0_linux_amd64 plugin: 2026/05/25 19:54:59 [ERROR] connection error: unknown error Post "http://10.10.30.250:5985/wsman": dial tcp 10.10.30.250:5985: connect: connection refused
2026/05/25 19:54:59 packer-plugin-proxmox_v1.2.3_x5.0_linux_amd64 plugin: 2026/05/25 19:54:59 [ERROR] WinRM connection err: unknown error Post "http://10.10.30.250:5985/wsman": dial tcp 10.10.30.250:5985: connect: connection refused
2026/05/25 19:55:04 packer-plugin-proxmox_v1.2.3_x5.0_linux_amd64 plugin: 2026/05/25 19:55:04 [INFO] Attempting WinRM connection...
2026/05/25 19:55:04 packer-plugin-proxmox_v1.2.3_x5.0_linux_amd64 plugin: 2026/05/25 19:55:04 [DEBUG] connecting to remote shell using WinRM
2026/05/25 19:55:04 packer-plugin-proxmox_v1.2.3_x5.0_linux_amd64 plugin: 2026/05/25 19:55:04 [ERROR] connection error: unknown error Post "http://10.10.30.250:5985/wsman": dial tcp 10.10.30.250:5985: connect: connection refused
2026/05/25 19:55:04 packer-plugin-proxmox_v1.2.3_x5.0_linux_amd64 plugin: 2026/05/25 19:55:04 [ERROR] WinRM connection err: unknown error Post "http://10.10.30.250:5985/wsman": dial tcp 10.10.30.250:5985: connect: connection refused
2026/05/25 19:55:09 packer-plugin-proxmox_v1.2.3_x5.0_linux_amd64 plugin: 2026/05/25 19:55:09 [INFO] Attempting WinRM connection...
2026/05/25 19:55:09 packer-plugin-proxmox_v1.2.3_x5.0_linux_amd64 plugin: 2026/05/25 19:55:09 [DEBUG] connecting to remote shell using WinRM
2026/05/25 19:55:09 packer-plugin-proxmox_v1.2.3_x5.0_linux_amd64 plugin: 2026/05/25 19:55:09 [ERROR] connection error: unknown error Post "http://10.10.30.250:5985/wsman": dial tcp 10.10.30.250:5985: connect: connection refused
2026/05/25 19:55:09 packer-plugin-proxmox_v1.2.3_x5.0_linux_amd64 plugin: 2026/05/25 19:55:09 [ERROR] WinRM connection err: unknown error Post "http://10.10.30.250:5985/wsman": dial tcp 10.10.30.250:5985: connect: connection refused
2026/05/25 19:55:14 packer-plugin-proxmox_v1.2.3_x5.0_linux_amd64 plugin: 2026/05/25 19:55:14 [INFO] Attempting WinRM connection...
2026/05/25 19:55:14 packer-plugin-proxmox_v1.2.3_x5.0_linux_amd64 plugin: 2026/05/25 19:55:14 [DEBUG] connecting to remote shell using WinRM
2026/05/25 19:55:14 packer-plugin-proxmox_v1.2.3_x5.0_linux_amd64 plugin: 2026/05/25 19:55:14 [ERROR] connection error: unknown error Post "http://10.10.30.250:5985/wsman": dial tcp 10.10.30.250:5985: connect: connection refused
2026/05/25 19:55:14 packer-plugin-proxmox_v1.2.3_x5.0_linux_amd64 plugin: 2026/05/25 19:55:14 [ERROR] WinRM connection err: unknown error Post "http://10.10.30.250:5985/wsman": dial tcp 10.10.30.250:5985: connect: connection refused
2026/05/25 19:55:19 packer-plugin-proxmox_v1.2.3_x5.0_linux_amd64 plugin: 2026/05/25 19:55:19 [INFO] Attempting WinRM connection...
2026/05/25 19:55:19 packer-plugin-proxmox_v1.2.3_x5.0_linux_amd64 plugin: 2026/05/25 19:55:19 [DEBUG] connecting to remote shell using WinRM
2026/05/25 19:55:19 packer-plugin-proxmox_v1.2.3_x5.0_linux_amd64 plugin: 2026/05/25 19:55:19 [ERROR] connection error: unknown error Post "http://10.10.30.250:5985/wsman": dial tcp 10.10.30.250:5985: connect: connection refused
2026/05/25 19:55:19 packer-plugin-proxmox_v1.2.3_x5.0_linux_amd64 plugin: 2026/05/25 19:55:19 [ERROR] WinRM connection err: unknown error Post "http://10.10.30.250:5985/wsman": dial tcp 10.10.30.250:5985: connect: connection refused
2026/05/25 19:55:24 packer-plugin-proxmox_v1.2.3_x5.0_linux_amd64 plugin: 2026/05/25 19:55:24 [INFO] Attempting WinRM connection...
2026/05/25 19:55:24 packer-plugin-proxmox_v1.2.3_x5.0_linux_amd64 plugin: 2026/05/25 19:55:24 [DEBUG] connecting to remote shell using WinRM
2026/05/25 19:55:25 packer-plugin-proxmox_v1.2.3_x5.0_linux_amd64 plugin: 2026/05/25 19:55:25 [ERROR] connection error: unknown error Post "http://10.10.30.250:5985/wsman": dial tcp 10.10.30.250:5985: connect: connection refused
2026/05/25 19:55:25 packer-plugin-proxmox_v1.2.3_x5.0_linux_amd64 plugin: 2026/05/25 19:55:25 [ERROR] WinRM connection err: unknown error Post "http://10.10.30.250:5985/wsman": dial tcp 10.10.30.250:5985: connect: connection refused
2026/05/25 19:55:30 packer-plugin-proxmox_v1.2.3_x5.0_linux_amd64 plugin: 2026/05/25 19:55:30 [INFO] Attempting WinRM connection...
2026/05/25 19:55:30 packer-plugin-proxmox_v1.2.3_x5.0_linux_amd64 plugin: 2026/05/25 19:55:30 [DEBUG] connecting to remote shell using WinRM
2026/05/25 19:55:30 packer-plugin-proxmox_v1.2.3_x5.0_linux_amd64 plugin: 2026/05/25 19:55:30 [ERROR] connection error: unknown error Post "http://10.10.30.250:5985/wsman": dial tcp 10.10.30.250:5985: connect: connection refused
2026/05/25 19:55:30 packer-plugin-proxmox_v1.2.3_x5.0_linux_amd64 plugin: 2026/05/25 19:55:30 [ERROR] WinRM connection err: unknown error Post "http://10.10.30.250:5985/wsman": dial tcp 10.10.30.250:5985: connect: connection refused
2026/05/25 19:55:35 packer-plugin-proxmox_v1.2.3_x5.0_linux_amd64 plugin: 2026/05/25 19:55:35 [INFO] Attempting WinRM connection...
2026/05/25 19:55:35 packer-plugin-proxmox_v1.2.3_x5.0_linux_amd64 plugin: 2026/05/25 19:55:35 [DEBUG] connecting to remote shell using WinRM
2026/05/25 19:55:35 packer-plugin-proxmox_v1.2.3_x5.0_linux_amd64 plugin: 2026/05/25 19:55:35 [ERROR] connection error: unknown error Post "http://10.10.30.250:5985/wsman": dial tcp 10.10.30.250:5985: connect: connection refused
2026/05/25 19:55:35 packer-plugin-proxmox_v1.2.3_x5.0_linux_amd64 plugin: 2026/05/25 19:55:35 [ERROR] WinRM connection err: unknown error Post "http://10.10.30.250:5985/wsman": dial tcp 10.10.30.250:5985: connect: connection refused
2026/05/25 19:55:40 packer-plugin-proxmox_v1.2.3_x5.0_linux_amd64 plugin: 2026/05/25 19:55:40 [INFO] Attempting WinRM connection...
2026/05/25 19:55:40 packer-plugin-proxmox_v1.2.3_x5.0_linux_amd64 plugin: 2026/05/25 19:55:40 [DEBUG] connecting to remote shell using WinRM
2026/05/25 19:55:40 packer-plugin-proxmox_v1.2.3_x5.0_linux_amd64 plugin: 2026/05/25 19:55:40 [ERROR] connection error: unknown error Post "http://10.10.30.250:5985/wsman": dial tcp 10.10.30.250:5985: connect: connection refused
2026/05/25 19:55:40 packer-plugin-proxmox_v1.2.3_x5.0_linux_amd64 plugin: 2026/05/25 19:55:40 [ERROR] WinRM connection err: unknown error Post "http://10.10.30.250:5985/wsman": dial tcp 10.10.30.250:5985: connect: connection refused
2026/05/25 19:55:45 packer-plugin-proxmox_v1.2.3_x5.0_linux_amd64 plugin: 2026/05/25 19:55:45 [INFO] Attempting WinRM connection...
2026/05/25 19:55:45 packer-plugin-proxmox_v1.2.3_x5.0_linux_amd64 plugin: 2026/05/25 19:55:45 [DEBUG] connecting to remote shell using WinRM
2026/05/25 19:55:45 packer-plugin-proxmox_v1.2.3_x5.0_linux_amd64 plugin: 2026/05/25 19:55:45 [ERROR] connection error: unknown error Post "http://10.10.30.250:5985/wsman": dial tcp 10.10.30.250:5985: connect: connection refused
2026/05/25 19:55:45 packer-plugin-proxmox_v1.2.3_x5.0_linux_amd64 plugin: 2026/05/25 19:55:45 [ERROR] WinRM connection err: unknown error Post "http://10.10.30.250:5985/wsman": dial tcp 10.10.30.250:5985: connect: connection refused
2026/05/25 19:55:50 packer-plugin-proxmox_v1.2.3_x5.0_linux_amd64 plugin: 2026/05/25 19:55:50 [INFO] Attempting WinRM connection...
2026/05/25 19:55:50 packer-plugin-proxmox_v1.2.3_x5.0_linux_amd64 plugin: 2026/05/25 19:55:50 [DEBUG] connecting to remote shell using WinRM
2026/05/25 19:55:51 packer-plugin-proxmox_v1.2.3_x5.0_linux_amd64 plugin: 2026/05/25 19:55:51 [ERROR] connection error: unknown error Post "http://10.10.30.250:5985/wsman": dial tcp 10.10.30.250:5985: connect: connection refused
2026/05/25 19:55:51 packer-plugin-proxmox_v1.2.3_x5.0_linux_amd64 plugin: 2026/05/25 19:55:51 [ERROR] WinRM connection err: unknown error Post "http://10.10.30.250:5985/wsman": dial tcp 10.10.30.250:5985: connect: connection refused
2026/05/25 19:55:56 packer-plugin-proxmox_v1.2.3_x5.0_linux_amd64 plugin: 2026/05/25 19:55:56 [INFO] Attempting WinRM connection...
2026/05/25 19:55:56 packer-plugin-proxmox_v1.2.3_x5.0_linux_amd64 plugin: 2026/05/25 19:55:56 [DEBUG] connecting to remote shell using WinRM
2026/05/25 19:55:56 packer-plugin-proxmox_v1.2.3_x5.0_linux_amd64 plugin: 2026/05/25 19:55:56 [ERROR] connection error: unknown error Post "http://10.10.30.250:5985/wsman": dial tcp 10.10.30.250:5985: connect: connection refused
2026/05/25 19:55:56 packer-plugin-proxmox_v1.2.3_x5.0_linux_amd64 plugin: 2026/05/25 19:55:56 [ERROR] WinRM connection err: unknown error Post "http://10.10.30.250:5985/wsman": dial tcp 10.10.30.250:5985: connect: connection refused
2026/05/25 19:56:01 packer-plugin-proxmox_v1.2.3_x5.0_linux_amd64 plugin: 2026/05/25 19:56:01 [INFO] Attempting WinRM connection...
2026/05/25 19:56:01 packer-plugin-proxmox_v1.2.3_x5.0_linux_amd64 plugin: 2026/05/25 19:56:01 [DEBUG] connecting to remote shell using WinRM
2026/05/25 19:56:01 packer-plugin-proxmox_v1.2.3_x5.0_linux_amd64 plugin: 2026/05/25 19:56:01 [ERROR] connection error: unknown error Post "http://10.10.30.250:5985/wsman": dial tcp 10.10.30.250:5985: connect: connection refused
2026/05/25 19:56:01 packer-plugin-proxmox_v1.2.3_x5.0_linux_amd64 plugin: 2026/05/25 19:56:01 [ERROR] WinRM connection err: unknown error Post "http://10.10.30.250:5985/wsman": dial tcp 10.10.30.250:5985: connect: connection refused
2026/05/25 19:56:06 packer-plugin-proxmox_v1.2.3_x5.0_linux_amd64 plugin: 2026/05/25 19:56:06 [INFO] Attempting WinRM connection...
2026/05/25 19:56:06 packer-plugin-proxmox_v1.2.3_x5.0_linux_amd64 plugin: 2026/05/25 19:56:06 [DEBUG] connecting to remote shell using WinRM
2026/05/25 19:56:06 packer-plugin-proxmox_v1.2.3_x5.0_linux_amd64 plugin: 2026/05/25 19:56:06 [ERROR] connection error: unknown error Post "http://10.10.30.250:5985/wsman": dial tcp 10.10.30.250:5985: connect: connection refused
2026/05/25 19:56:06 packer-plugin-proxmox_v1.2.3_x5.0_linux_amd64 plugin: 2026/05/25 19:56:06 [ERROR] WinRM connection err: unknown error Post "http://10.10.30.250:5985/wsman": dial tcp 10.10.30.250:5985: connect: connection refused
2026/05/25 19:56:11 packer-plugin-proxmox_v1.2.3_x5.0_linux_amd64 plugin: 2026/05/25 19:56:11 [INFO] Attempting WinRM connection...
2026/05/25 19:56:11 packer-plugin-proxmox_v1.2.3_x5.0_linux_amd64 plugin: 2026/05/25 19:56:11 [DEBUG] connecting to remote shell using WinRM
2026/05/25 19:56:11 packer-plugin-proxmox_v1.2.3_x5.0_linux_amd64 plugin: 2026/05/25 19:56:11 [ERROR] connection error: unknown error Post "http://10.10.30.250:5985/wsman": dial tcp 10.10.30.250:5985: connect: connection refused
2026/05/25 19:56:11 packer-plugin-proxmox_v1.2.3_x5.0_linux_amd64 plugin: 2026/05/25 19:56:11 [ERROR] WinRM connection err: unknown error Post "http://10.10.30.250:5985/wsman": dial tcp 10.10.30.250:5985: connect: connection refused
2026/05/25 19:56:16 packer-plugin-proxmox_v1.2.3_x5.0_linux_amd64 plugin: 2026/05/25 19:56:16 [INFO] Attempting WinRM connection...
2026/05/25 19:56:16 packer-plugin-proxmox_v1.2.3_x5.0_linux_amd64 plugin: 2026/05/25 19:56:16 [DEBUG] connecting to remote shell using WinRM
2026/05/25 19:56:16 packer-plugin-proxmox_v1.2.3_x5.0_linux_amd64 plugin: 2026/05/25 19:56:16 [ERROR] connection error: unknown error Post "http://10.10.30.250:5985/wsman": dial tcp 10.10.30.250:5985: connect: connection refused
2026/05/25 19:56:16 packer-plugin-proxmox_v1.2.3_x5.0_linux_amd64 plugin: 2026/05/25 19:56:16 [ERROR] WinRM connection err: unknown error Post "http://10.10.30.250:5985/wsman": dial tcp 10.10.30.250:5985: connect: connection refused
2026/05/25 19:56:21 packer-plugin-proxmox_v1.2.3_x5.0_linux_amd64 plugin: 2026/05/25 19:56:21 [INFO] Attempting WinRM connection...
2026/05/25 19:56:21 packer-plugin-proxmox_v1.2.3_x5.0_linux_amd64 plugin: 2026/05/25 19:56:21 [DEBUG] connecting to remote shell using WinRM
2026/05/25 19:56:22 packer-plugin-proxmox_v1.2.3_x5.0_linux_amd64 plugin: 2026/05/25 19:56:22 [ERROR] connection error: unknown error Post "http://10.10.30.250:5985/wsman": dial tcp 10.10.30.250:5985: connect: connection refused
2026/05/25 19:56:22 packer-plugin-proxmox_v1.2.3_x5.0_linux_amd64 plugin: 2026/05/25 19:56:22 [ERROR] WinRM connection err: unknown error Post "http://10.10.30.250:5985/wsman": dial tcp 10.10.30.250:5985: connect: connection refused
2026/05/25 19:56:27 packer-plugin-proxmox_v1.2.3_x5.0_linux_amd64 plugin: 2026/05/25 19:56:27 [INFO] Attempting WinRM connection...
2026/05/25 19:56:27 packer-plugin-proxmox_v1.2.3_x5.0_linux_amd64 plugin: 2026/05/25 19:56:27 [DEBUG] connecting to remote shell using WinRM
2026/05/25 19:56:27 packer-plugin-proxmox_v1.2.3_x5.0_linux_amd64 plugin: 2026/05/25 19:56:27 [ERROR] connection error: unknown error Post "http://10.10.30.250:5985/wsman": dial tcp 10.10.30.250:5985: connect: connection refused
2026/05/25 19:56:27 packer-plugin-proxmox_v1.2.3_x5.0_linux_amd64 plugin: 2026/05/25 19:56:27 [ERROR] WinRM connection err: unknown error Post "http://10.10.30.250:5985/wsman": dial tcp 10.10.30.250:5985: connect: connection refused
2026/05/25 19:56:32 packer-plugin-proxmox_v1.2.3_x5.0_linux_amd64 plugin: 2026/05/25 19:56:32 [INFO] Attempting WinRM connection...
2026/05/25 19:56:32 packer-plugin-proxmox_v1.2.3_x5.0_linux_amd64 plugin: 2026/05/25 19:56:32 [DEBUG] connecting to remote shell using WinRM
2026/05/25 19:56:32 packer-plugin-proxmox_v1.2.3_x5.0_linux_amd64 plugin: 2026/05/25 19:56:32 [ERROR] connection error: unknown error Post "http://10.10.30.250:5985/wsman": dial tcp 10.10.30.250:5985: connect: connection refused
2026/05/25 19:56:32 packer-plugin-proxmox_v1.2.3_x5.0_linux_amd64 plugin: 2026/05/25 19:56:32 [ERROR] WinRM connection err: unknown error Post "http://10.10.30.250:5985/wsman": dial tcp 10.10.30.250:5985: connect: connection refused
2026/05/25 19:56:37 packer-plugin-proxmox_v1.2.3_x5.0_linux_amd64 plugin: 2026/05/25 19:56:37 [INFO] Attempting WinRM connection...
2026/05/25 19:56:37 packer-plugin-proxmox_v1.2.3_x5.0_linux_amd64 plugin: 2026/05/25 19:56:37 [DEBUG] connecting to remote shell using WinRM
2026/05/25 19:56:37 packer-plugin-proxmox_v1.2.3_x5.0_linux_amd64 plugin: 2026/05/25 19:56:37 [ERROR] connection error: unknown error Post "http://10.10.30.250:5985/wsman": dial tcp 10.10.30.250:5985: connect: connection refused
2026/05/25 19:56:37 packer-plugin-proxmox_v1.2.3_x5.0_linux_amd64 plugin: 2026/05/25 19:56:37 [ERROR] WinRM connection err: unknown error Post "http://10.10.30.250:5985/wsman": dial tcp 10.10.30.250:5985: connect: connection refused
2026/05/25 19:56:42 packer-plugin-proxmox_v1.2.3_x5.0_linux_amd64 plugin: 2026/05/25 19:56:42 [INFO] Attempting WinRM connection...
2026/05/25 19:56:42 packer-plugin-proxmox_v1.2.3_x5.0_linux_amd64 plugin: 2026/05/25 19:56:42 [DEBUG] connecting to remote shell using WinRM
2026/05/25 19:56:42 packer-plugin-proxmox_v1.2.3_x5.0_linux_amd64 plugin: 2026/05/25 19:56:42 [ERROR] connection error: unknown error Post "http://10.10.30.250:5985/wsman": dial tcp 10.10.30.250:5985: connect: connection refused
2026/05/25 19:56:42 packer-plugin-proxmox_v1.2.3_x5.0_linux_amd64 plugin: 2026/05/25 19:56:42 [ERROR] WinRM connection err: unknown error Post "http://10.10.30.250:5985/wsman": dial tcp 10.10.30.250:5985: connect: connection refused
2026/05/25 19:56:47 packer-plugin-proxmox_v1.2.3_x5.0_linux_amd64 plugin: 2026/05/25 19:56:47 [INFO] Attempting WinRM connection...
2026/05/25 19:56:47 packer-plugin-proxmox_v1.2.3_x5.0_linux_amd64 plugin: 2026/05/25 19:56:47 [DEBUG] connecting to remote shell using WinRM
2026/05/25 19:56:47 packer-plugin-proxmox_v1.2.3_x5.0_linux_amd64 plugin: 2026/05/25 19:56:47 [ERROR] connection error: unknown error Post "http://10.10.30.250:5985/wsman": dial tcp 10.10.30.250:5985: connect: connection refused
2026/05/25 19:56:47 packer-plugin-proxmox_v1.2.3_x5.0_linux_amd64 plugin: 2026/05/25 19:56:47 [ERROR] WinRM connection err: unknown error Post "http://10.10.30.250:5985/wsman": dial tcp 10.10.30.250:5985: connect: connection refused
2026/05/25 19:56:52 packer-plugin-proxmox_v1.2.3_x5.0_linux_amd64 plugin: 2026/05/25 19:56:52 [INFO] Attempting WinRM connection...
2026/05/25 19:56:52 packer-plugin-proxmox_v1.2.3_x5.0_linux_amd64 plugin: 2026/05/25 19:56:52 [DEBUG] connecting to remote shell using WinRM
2026/05/25 19:56:53 packer-plugin-proxmox_v1.2.3_x5.0_linux_amd64 plugin: 2026/05/25 19:56:53 [ERROR] connection error: unknown error Post "http://10.10.30.250:5985/wsman": dial tcp 10.10.30.250:5985: connect: connection refused
2026/05/25 19:56:53 packer-plugin-proxmox_v1.2.3_x5.0_linux_amd64 plugin: 2026/05/25 19:56:53 [ERROR] WinRM connection err: unknown error Post "http://10.10.30.250:5985/wsman": dial tcp 10.10.30.250:5985: connect: connection refused
2026/05/25 19:56:58 packer-plugin-proxmox_v1.2.3_x5.0_linux_amd64 plugin: 2026/05/25 19:56:58 [INFO] Attempting WinRM connection...
2026/05/25 19:56:58 packer-plugin-proxmox_v1.2.3_x5.0_linux_amd64 plugin: 2026/05/25 19:56:58 [DEBUG] connecting to remote shell using WinRM
2026/05/25 19:56:58 packer-plugin-proxmox_v1.2.3_x5.0_linux_amd64 plugin: 2026/05/25 19:56:58 [ERROR] connection error: unknown error Post "http://10.10.30.250:5985/wsman": dial tcp 10.10.30.250:5985: connect: connection refused
2026/05/25 19:56:58 packer-plugin-proxmox_v1.2.3_x5.0_linux_amd64 plugin: 2026/05/25 19:56:58 [ERROR] WinRM connection err: unknown error Post "http://10.10.30.250:5985/wsman": dial tcp 10.10.30.250:5985: connect: connection refused
2026/05/25 19:57:03 packer-plugin-proxmox_v1.2.3_x5.0_linux_amd64 plugin: 2026/05/25 19:57:03 [INFO] Attempting WinRM connection...
2026/05/25 19:57:03 packer-plugin-proxmox_v1.2.3_x5.0_linux_amd64 plugin: 2026/05/25 19:57:03 [DEBUG] connecting to remote shell using WinRM
2026/05/25 19:57:03 packer-plugin-proxmox_v1.2.3_x5.0_linux_amd64 plugin: 2026/05/25 19:57:03 [ERROR] connection error: unknown error Post "http://10.10.30.250:5985/wsman": dial tcp 10.10.30.250:5985: connect: connection refused
2026/05/25 19:57:03 packer-plugin-proxmox_v1.2.3_x5.0_linux_amd64 plugin: 2026/05/25 19:57:03 [ERROR] WinRM connection err: unknown error Post "http://10.10.30.250:5985/wsman": dial tcp 10.10.30.250:5985: connect: connection refused
2026/05/25 19:57:08 packer-plugin-proxmox_v1.2.3_x5.0_linux_amd64 plugin: 2026/05/25 19:57:08 [INFO] Attempting WinRM connection...
2026/05/25 19:57:08 packer-plugin-proxmox_v1.2.3_x5.0_linux_amd64 plugin: 2026/05/25 19:57:08 [DEBUG] connecting to remote shell using WinRM
2026/05/25 19:57:08 packer-plugin-proxmox_v1.2.3_x5.0_linux_amd64 plugin: 2026/05/25 19:57:08 [ERROR] connection error: unknown error Post "http://10.10.30.250:5985/wsman": dial tcp 10.10.30.250:5985: connect: connection refused
2026/05/25 19:57:08 packer-plugin-proxmox_v1.2.3_x5.0_linux_amd64 plugin: 2026/05/25 19:57:08 [ERROR] WinRM connection err: unknown error Post "http://10.10.30.250:5985/wsman": dial tcp 10.10.30.250:5985: connect: connection refused
2026/05/25 19:57:13 packer-plugin-proxmox_v1.2.3_x5.0_linux_amd64 plugin: 2026/05/25 19:57:13 [INFO] Attempting WinRM connection...
2026/05/25 19:57:13 packer-plugin-proxmox_v1.2.3_x5.0_linux_amd64 plugin: 2026/05/25 19:57:13 [DEBUG] connecting to remote shell using WinRM
2026/05/25 19:57:13 packer-plugin-proxmox_v1.2.3_x5.0_linux_amd64 plugin: 2026/05/25 19:57:13 [ERROR] connection error: unknown error Post "http://10.10.30.250:5985/wsman": dial tcp 10.10.30.250:5985: connect: connection refused
2026/05/25 19:57:13 packer-plugin-proxmox_v1.2.3_x5.0_linux_amd64 plugin: 2026/05/25 19:57:13 [ERROR] WinRM connection err: unknown error Post "http://10.10.30.250:5985/wsman": dial tcp 10.10.30.250:5985: connect: connection refused
2026/05/25 19:57:18 packer-plugin-proxmox_v1.2.3_x5.0_linux_amd64 plugin: 2026/05/25 19:57:18 [INFO] Attempting WinRM connection...
2026/05/25 19:57:18 packer-plugin-proxmox_v1.2.3_x5.0_linux_amd64 plugin: 2026/05/25 19:57:18 [DEBUG] connecting to remote shell using WinRM
2026/05/25 19:57:19 packer-provisioner-file plugin: Received interrupt signal (count: 1). Ignoring.
2026/05/25 19:57:19 packer-provisioner-powershell plugin: Received interrupt signal (count: 1). Ignoring.
2026/05/25 19:57:19 packer-provisioner-file plugin: Received interrupt signal (count: 1). Ignoring.
2026/05/25 19:57:19 packer-provisioner-file plugin: Received interrupt signal (count: 1). Ignoring.
2026/05/25 19:57:19 packer-plugin-proxmox_v1.2.3_x5.0_linux_amd64 plugin: 2026/05/25 19:57:19 Received interrupt signal (count: 1). Ignoring.
2026/05/25 19:57:19 packer-provisioner-file plugin: Received interrupt signal (count: 1). Ignoring.
2026/05/25 19:57:19 packer-provisioner-powershell plugin: Received interrupt signal (count: 1). Ignoring.
2026/05/25 19:57:19 packer-provisioner-powershell plugin: Received interrupt signal (count: 1). Ignoring.
2026/05/25 19:57:19 ui error: Cancelling build after receiving interrupt
2026/05/25 19:57:19 Cancelling builder after context cancellation context canceled
2026/05/25 19:57:19 packer-provisioner-powershell plugin: Received interrupt signal (count: 1). Ignoring.
2026/05/25 19:57:19 packer-provisioner-powershell plugin: Received interrupt signal (count: 1). Ignoring.
2026/05/25 19:57:19 packer-provisioner-windows-restart plugin: Received interrupt signal (count: 1). Ignoring.
2026/05/25 19:57:19 packer-plugin-proxmox_v1.2.3_x5.0_linux_amd64 plugin: 2026/05/25 19:57:19 Interrupt detected, quitting waiting for WinRM.
2026/05/25 19:57:19 ui: [1;32m==> windows-server-2022.proxmox-iso.windows-server-2022: Stopping VM[0m
2026/05/25 19:57:19 packer-plugin-proxmox_v1.2.3_x5.0_linux_amd64 plugin: 2026/05/25 19:57:19 [ERROR] connection error: unknown error Post "http://10.10.30.250:5985/wsman": dial tcp 10.10.30.250:5985: connect: connection refused
2026/05/25 19:57:19 packer-plugin-proxmox_v1.2.3_x5.0_linux_amd64 plugin: 2026/05/25 19:57:19 [ERROR] WinRM connection err: unknown error Post "http://10.10.30.250:5985/wsman": dial tcp 10.10.30.250:5985: connect: connection refused
2026/05/25 19:57:19 packer-plugin-proxmox_v1.2.3_x5.0_linux_amd64 plugin: 2026/05/25 19:57:19 [INFO] WinRM wait cancelled. Exiting loop.
2026/05/25 19:57:22 ui: [1;32m==> windows-server-2022.proxmox-iso.windows-server-2022: Deleting VM[0m
2026/05/25 19:57:23 ui: [1;32m==> windows-server-2022.proxmox-iso.windows-server-2022: Deleted generated ISO from local:iso/packer2021091531.iso[0m
2026/05/25 19:57:23 packer-plugin-proxmox_v1.2.3_x5.0_linux_amd64 plugin: 2026/05/25 19:57:23 Deleting CD disk: /tmp/packer2021091531.iso
2026/05/25 19:57:23 [INFO] (telemetry) ending proxmox-iso.windows-server-2022
2026/05/25 19:57:23 ui error: [1;31mBuild 'windows-server-2022.proxmox-iso.windows-server-2022' errored after 3 minutes 23 seconds: build was cancelled[0m
2026/05/25 19:57:23 ui: 
==> Wait completed after 3 minutes 23 seconds
2026/05/25 19:57:23 ui: Cleanly cancelled builds after being interrupted.
2026/05/25 19:57:23 [INFO] (telemetry) Finalizing.
2026/05/25 19:57:23 waiting for all plugin processes to complete...
2026/05/25 19:57:23 /usr/bin/packer: plugin process exited
2026/05/25 19:57:23 /home/cqban/.config/packer/plugins/github.com/hashicorp/proxmox/packer-plugin-proxmox_v1.2.3_x5.0_linux_amd64: plugin process exited
2026/05/25 19:57:23 /usr/bin/packer: plugin process exited
2026/05/25 19:57:23 /usr/bin/packer: plugin process exited
2026/05/25 19:57:23 /usr/bin/packer: plugin process exited
2026/05/25 19:57:23 /usr/bin/packer: plugin process exited
2026/05/25 19:57:23 /usr/bin/packer: plugin process exited
2026/05/25 19:57:23 /usr/bin/packer: plugin process exited
2026/05/25 19:57:23 /usr/bin/packer: plugin process exited
2026/05/25 19:57:23 /usr/bin/packer: plugin process exited
2026/05/25 19:57:23 /usr/bin/packer: plugin process exited
