2026/05/25 19:50:42 [INFO] Packer version: 1.15.3 [go1.25.9 linux amd64]
2026/05/25 19:50:42 [INFO] PACKER_CONFIG env var not set; checking the default config file path
2026/05/25 19:50:42 [INFO] PACKER_CONFIG env var set; attempting to open config file: /home/cqban/.packerconfig
2026/05/25 19:50:42 [WARN] Config file doesn't exist: /home/cqban/.packerconfig
2026/05/25 19:50:42 [INFO] Setting cache directory: /home/cqban/.cache/packer
2026/05/25 19:50:42 [TRACE] listing potential installations for "github.com/hashicorp/proxmox" that match ">= 1.1.8". plugingetter.ListInstallationsOptions{PluginDirectory:"/home/cqban/.config/packer/plugins", BinaryInstallationOptions:plugingetter.BinaryInstallationOptions{APIVersionMajor:"5", APIVersionMinor:"0", OS:"linux", ARCH:"amd64", Ext:"", Checksummers:[]plugingetter.Checksummer{plugingetter.Checksummer{Type:"sha256", Hash:(*sha256.Digest)(0xc00026c200)}}, ReleasesOnly:false}}
2026/05/25 19:50:42 [TRACE] Found the following "github.com/hashicorp/proxmox" installations: [{/home/cqban/.config/packer/plugins/github.com/hashicorp/proxmox/packer-plugin-proxmox_v1.2.3_x5.0_linux_amd64 v1.2.3 x5.0}]
2026/05/25 19:50:42 [INFO] found external [-packer-default-plugin-name- clone iso] builders from proxmox plugin
2026/05/25 19:50:42 [TRACE] listing potential installations for <nil> that match "". plugingetter.ListInstallationsOptions{PluginDirectory:"/home/cqban/.config/packer/plugins", BinaryInstallationOptions:plugingetter.BinaryInstallationOptions{APIVersionMajor:"5", APIVersionMinor:"0", OS:"linux", ARCH:"amd64", Ext:"", Checksummers:[]plugingetter.Checksummer{plugingetter.Checksummer{Type:"sha256", Hash:(*sha256.Digest)(0xc00026cf80)}}, ReleasesOnly:false}}
2026/05/25 19:50:42 [INFO] found external [-packer-default-plugin-name- clone iso] builders from proxmox plugin
2026/05/25 19:50:42 [TRACE] validateValue: not active for iso_already_downloaded, so skipping
2026/05/25 19:50:42 [TRACE] validateValue: not active for vm_id, so skipping
2026/05/25 19:50:42 [TRACE] validateValue: not active for template_description, so skipping
2026/05/25 19:50:42 [TRACE] validateValue: not active for vm_cpu_sockets, so skipping
2026/05/25 19:50:42 [TRACE] validateValue: not active for vm_ip, so skipping
2026/05/25 19:50:42 [TRACE] validateValue: not active for adaptive_endpoint, so skipping
2026/05/25 19:50:42 [TRACE] validateValue: not active for proxmox_password, so skipping
2026/05/25 19:50:42 [TRACE] validateValue: not active for proxmox_skip_tls_verify, so skipping
2026/05/25 19:50:42 [TRACE] validateValue: not active for vm_gateway, so skipping
2026/05/25 19:50:42 [TRACE] validateValue: not active for vm_name, so skipping
2026/05/25 19:50:42 [TRACE] validateValue: not active for vm_cpu_cores, so skipping
2026/05/25 19:50:42 [TRACE] validateValue: not active for vm_disk_size, so skipping
2026/05/25 19:50:42 [TRACE] validateValue: not active for iso_checksum, so skipping
2026/05/25 19:50:42 [TRACE] validateValue: not active for vm_dns, so skipping
2026/05/25 19:50:42 [TRACE] validateValue: not active for proxmox_username, so skipping
2026/05/25 19:50:42 [TRACE] validateValue: not active for virtio_iso_file, so skipping
2026/05/25 19:50:42 [TRACE] validateValue: not active for network_vlan_id, so skipping
2026/05/25 19:50:42 [TRACE] validateValue: not active for timezone, so skipping
2026/05/25 19:50:42 [TRACE] validateValue: not active for os_image_index, so skipping
2026/05/25 19:50:42 [TRACE] validateValue: not active for iso_url, so skipping
2026/05/25 19:50:42 [TRACE] validateValue: not active for winrm_username, so skipping
2026/05/25 19:50:42 [TRACE] validateValue: not active for template_uuid, so skipping
2026/05/25 19:50:42 [TRACE] validateValue: not active for proxmox_node, so skipping
2026/05/25 19:50:42 [TRACE] validateValue: not active for iso_storage_pool, so skipping
2026/05/25 19:50:42 [TRACE] validateValue: not active for vm_memory, so skipping
2026/05/25 19:50:42 [TRACE] validateValue: not active for network_bridge, so skipping
2026/05/25 19:50:42 [TRACE] validateValue: not active for winrm_password, so skipping
2026/05/25 19:50:42 [TRACE] validateValue: not active for computer_name, so skipping
2026/05/25 19:50:42 [TRACE] validateValue: not active for proxmox_url, so skipping
2026/05/25 19:50:42 [TRACE] validateValue: not active for proxmox_storage, so skipping
2026/05/25 19:50:42 [TRACE] validateValue: not active for vm_network_prefix, so skipping
2026/05/25 19:50:42 [TRACE] validateValue: not active for iso_file, so skipping
2026/05/25 19:50:42 [TRACE] Using protobuf for communication with plugins
2026/05/25 19:50:42 [INFO] Starting external plugin /home/cqban/.config/packer/plugins/github.com/hashicorp/proxmox/packer-plugin-proxmox_v1.2.3_x5.0_linux_amd64 start builder --protobuf iso
2026/05/25 19:50:42 Starting plugin: /home/cqban/.config/packer/plugins/github.com/hashicorp/proxmox/packer-plugin-proxmox_v1.2.3_x5.0_linux_amd64 []string{"/home/cqban/.config/packer/plugins/github.com/hashicorp/proxmox/packer-plugin-proxmox_v1.2.3_x5.0_linux_amd64", "start", "builder", "--protobuf", "iso"}
2026/05/25 19:50:42 Waiting for RPC address for: /home/cqban/.config/packer/plugins/github.com/hashicorp/proxmox/packer-plugin-proxmox_v1.2.3_x5.0_linux_amd64
2026/05/25 19:50:42 packer-plugin-proxmox_v1.2.3_x5.0_linux_amd64 plugin: 2026/05/25 19:50:42 Plugin address: unix /tmp/packer-plugin2374871132
2026/05/25 19:50:42 packer-plugin-proxmox_v1.2.3_x5.0_linux_amd64 plugin: 2026/05/25 19:50:42 Waiting for connection...
2026/05/25 19:50:42 Received unix RPC address for /home/cqban/.config/packer/plugins/github.com/hashicorp/proxmox/packer-plugin-proxmox_v1.2.3_x5.0_linux_amd64: addr is /tmp/packer-plugin2374871132
2026/05/25 19:50:42 packer-plugin-proxmox_v1.2.3_x5.0_linux_amd64 plugin: 2026/05/25 19:50:42 Serving a plugin connection...
2026/05/25 19:50:42 packer-plugin-proxmox_v1.2.3_x5.0_linux_amd64 plugin: 2026/05/25 19:50:42 [TRACE] starting builder iso
2026/05/25 19:50:42 packer-plugin-proxmox_v1.2.3_x5.0_linux_amd64 plugin: 2026/05/25 19:50:42 [DEBUG] - common: sending ConfigSpec as protobuf
2026/05/25 19:50:42 [DEBUG] - common: receiving ConfigSpec as protobuf
2026/05/25 19:50:42 packer-plugin-proxmox_v1.2.3_x5.0_linux_amd64 plugin: 2026/05/25 19:50:42 CPU type not set, using default 'kvm64'
2026/05/25 19:50:42 packer-plugin-proxmox_v1.2.3_x5.0_linux_amd64 plugin: 2026/05/25 19:50:42 [DEBUG] - common: sending ConfigSpec as protobuf
2026/05/25 19:50:42 [DEBUG] - common: receiving ConfigSpec as protobuf
2026/05/25 19:50:42 [INFO] Starting external plugin /usr/bin/packer execute --protobuf packer-provisioner-powershell
2026/05/25 19:50:42 Starting plugin: /usr/bin/packer []string{"/usr/bin/packer", "execute", "--protobuf", "packer-provisioner-powershell"}
2026/05/25 19:50:42 Waiting for RPC address for: /usr/bin/packer
2026/05/25 19:50:42 packer-provisioner-powershell plugin: [INFO] Packer version: 1.15.3 [go1.25.9 linux amd64]
2026/05/25 19:50:42 packer-provisioner-powershell plugin: [INFO] PACKER_CONFIG env var not set; checking the default config file path
2026/05/25 19:50:42 packer-provisioner-powershell plugin: [INFO] PACKER_CONFIG env var set; attempting to open config file: /home/cqban/.packerconfig
2026/05/25 19:50:42 packer-provisioner-powershell plugin: [WARN] Config file doesn't exist: /home/cqban/.packerconfig
2026/05/25 19:50:42 packer-provisioner-powershell plugin: [INFO] Setting cache directory: /home/cqban/.cache/packer
2026/05/25 19:50:42 Received unix RPC address for /usr/bin/packer: addr is /tmp/packer-plugin4056311276
2026/05/25 19:50:42 packer-provisioner-powershell plugin: Plugin address: unix /tmp/packer-plugin4056311276
2026/05/25 19:50:42 packer-provisioner-powershell plugin: Waiting for connection...
2026/05/25 19:50:42 packer-provisioner-powershell plugin: Serving a plugin connection...
2026/05/25 19:50:42 packer-provisioner-powershell plugin: [DEBUG] - common: sending ConfigSpec as protobuf
2026/05/25 19:50:42 [DEBUG] - common: receiving ConfigSpec as protobuf
2026/05/25 19:50:42 packer-provisioner-powershell plugin: Using script default execute command powershell -executionpolicy bypass "& { if (Test-Path variable:global:ProgressPreference){set-variable -name variable:global:ProgressPreference -value 'SilentlyContinue'};. {{.Vars}}; &'{{.Path}}'; exit $LastExitCode }"
2026/05/25 19:50:42 packer-provisioner-powershell plugin: Using script default elevated execute command powershell -executionpolicy bypass "& { if (Test-Path variable:global:ProgressPreference){set-variable -name variable:global:ProgressPreference -value 'SilentlyContinue'};. {{.Vars}}; &'{{.Path}}'; exit $LastExitCode }"
2026/05/25 19:50:42 packer-provisioner-powershell plugin: [DEBUG] - common: sending ConfigSpec as protobuf
2026/05/25 19:50:42 [DEBUG] - common: receiving ConfigSpec as protobuf
2026/05/25 19:50:42 [INFO] Starting external plugin /usr/bin/packer execute --protobuf packer-provisioner-powershell
2026/05/25 19:50:42 Starting plugin: /usr/bin/packer []string{"/usr/bin/packer", "execute", "--protobuf", "packer-provisioner-powershell"}
2026/05/25 19:50:42 Waiting for RPC address for: /usr/bin/packer
2026/05/25 19:50:42 packer-provisioner-powershell plugin: [INFO] Packer version: 1.15.3 [go1.25.9 linux amd64]
2026/05/25 19:50:42 packer-provisioner-powershell plugin: [INFO] PACKER_CONFIG env var not set; checking the default config file path
2026/05/25 19:50:42 packer-provisioner-powershell plugin: [INFO] PACKER_CONFIG env var set; attempting to open config file: /home/cqban/.packerconfig
2026/05/25 19:50:42 packer-provisioner-powershell plugin: [WARN] Config file doesn't exist: /home/cqban/.packerconfig
2026/05/25 19:50:42 packer-provisioner-powershell plugin: [INFO] Setting cache directory: /home/cqban/.cache/packer
2026/05/25 19:50:42 packer-provisioner-powershell plugin: Plugin address: unix /tmp/packer-plugin874320639
2026/05/25 19:50:42 packer-provisioner-powershell plugin: Waiting for connection...
2026/05/25 19:50:42 Received unix RPC address for /usr/bin/packer: addr is /tmp/packer-plugin874320639
2026/05/25 19:50:42 packer-provisioner-powershell plugin: Serving a plugin connection...
2026/05/25 19:50:42 packer-provisioner-powershell plugin: [DEBUG] - common: sending ConfigSpec as protobuf
2026/05/25 19:50:42 [DEBUG] - common: receiving ConfigSpec as protobuf
2026/05/25 19:50:42 packer-provisioner-powershell plugin: Using script default execute command powershell -executionpolicy bypass "& { if (Test-Path variable:global:ProgressPreference){set-variable -name variable:global:ProgressPreference -value 'SilentlyContinue'};. {{.Vars}}; &'{{.Path}}'; exit $LastExitCode }"
2026/05/25 19:50:42 packer-provisioner-powershell plugin: Using script default elevated execute command powershell -executionpolicy bypass "& { if (Test-Path variable:global:ProgressPreference){set-variable -name variable:global:ProgressPreference -value 'SilentlyContinue'};. {{.Vars}}; &'{{.Path}}'; exit $LastExitCode }"
2026/05/25 19:50:42 packer-provisioner-powershell plugin: [DEBUG] - common: sending ConfigSpec as protobuf
2026/05/25 19:50:42 [DEBUG] - common: receiving ConfigSpec as protobuf
2026/05/25 19:50:42 [INFO] Starting external plugin /usr/bin/packer execute --protobuf packer-provisioner-file
2026/05/25 19:50:42 Starting plugin: /usr/bin/packer []string{"/usr/bin/packer", "execute", "--protobuf", "packer-provisioner-file"}
2026/05/25 19:50:42 Waiting for RPC address for: /usr/bin/packer
2026/05/25 19:50:43 packer-provisioner-file plugin: [INFO] Packer version: 1.15.3 [go1.25.9 linux amd64]
2026/05/25 19:50:43 packer-provisioner-file plugin: [INFO] PACKER_CONFIG env var not set; checking the default config file path
2026/05/25 19:50:43 packer-provisioner-file plugin: [INFO] PACKER_CONFIG env var set; attempting to open config file: /home/cqban/.packerconfig
2026/05/25 19:50:43 packer-provisioner-file plugin: [WARN] Config file doesn't exist: /home/cqban/.packerconfig
2026/05/25 19:50:43 packer-provisioner-file plugin: [INFO] Setting cache directory: /home/cqban/.cache/packer
2026/05/25 19:50:43 Received unix RPC address for /usr/bin/packer: addr is /tmp/packer-plugin4082749443
2026/05/25 19:50:43 packer-provisioner-file plugin: Plugin address: unix /tmp/packer-plugin4082749443
2026/05/25 19:50:43 packer-provisioner-file plugin: Waiting for connection...
2026/05/25 19:50:43 packer-provisioner-file plugin: Serving a plugin connection...
2026/05/25 19:50:43 packer-provisioner-file plugin: [DEBUG] - common: sending ConfigSpec as protobuf
2026/05/25 19:50:43 [DEBUG] - common: receiving ConfigSpec as protobuf
2026/05/25 19:50:43 packer-provisioner-file plugin: [DEBUG] - common: sending ConfigSpec as protobuf
2026/05/25 19:50:43 [DEBUG] - common: receiving ConfigSpec as protobuf
2026/05/25 19:50:43 [INFO] Starting external plugin /usr/bin/packer execute --protobuf packer-provisioner-file
2026/05/25 19:50:43 Starting plugin: /usr/bin/packer []string{"/usr/bin/packer", "execute", "--protobuf", "packer-provisioner-file"}
2026/05/25 19:50:43 Waiting for RPC address for: /usr/bin/packer
2026/05/25 19:50:43 packer-provisioner-file plugin: [INFO] Packer version: 1.15.3 [go1.25.9 linux amd64]
2026/05/25 19:50:43 packer-provisioner-file plugin: [INFO] PACKER_CONFIG env var not set; checking the default config file path
2026/05/25 19:50:43 packer-provisioner-file plugin: [INFO] PACKER_CONFIG env var set; attempting to open config file: /home/cqban/.packerconfig
2026/05/25 19:50:43 packer-provisioner-file plugin: [WARN] Config file doesn't exist: /home/cqban/.packerconfig
2026/05/25 19:50:43 packer-provisioner-file plugin: [INFO] Setting cache directory: /home/cqban/.cache/packer
2026/05/25 19:50:43 packer-provisioner-file plugin: Plugin address: unix /tmp/packer-plugin2372254726
2026/05/25 19:50:43 packer-provisioner-file plugin: Waiting for connection...
2026/05/25 19:50:43 Received unix RPC address for /usr/bin/packer: addr is /tmp/packer-plugin2372254726
2026/05/25 19:50:43 packer-provisioner-file plugin: Serving a plugin connection...
2026/05/25 19:50:43 packer-provisioner-file plugin: [DEBUG] - common: sending ConfigSpec as protobuf
2026/05/25 19:50:43 [DEBUG] - common: receiving ConfigSpec as protobuf
2026/05/25 19:50:43 packer-provisioner-file plugin: [DEBUG] - common: sending ConfigSpec as protobuf
2026/05/25 19:50:43 [DEBUG] - common: receiving ConfigSpec as protobuf
2026/05/25 19:50:43 [INFO] Starting external plugin /usr/bin/packer execute --protobuf packer-provisioner-file
2026/05/25 19:50:43 Starting plugin: /usr/bin/packer []string{"/usr/bin/packer", "execute", "--protobuf", "packer-provisioner-file"}
2026/05/25 19:50:43 Waiting for RPC address for: /usr/bin/packer
2026/05/25 19:50:43 packer-provisioner-file plugin: [INFO] Packer version: 1.15.3 [go1.25.9 linux amd64]
2026/05/25 19:50:43 packer-provisioner-file plugin: [INFO] PACKER_CONFIG env var not set; checking the default config file path
2026/05/25 19:50:43 packer-provisioner-file plugin: [INFO] PACKER_CONFIG env var set; attempting to open config file: /home/cqban/.packerconfig
2026/05/25 19:50:43 packer-provisioner-file plugin: [WARN] Config file doesn't exist: /home/cqban/.packerconfig
2026/05/25 19:50:43 packer-provisioner-file plugin: [INFO] Setting cache directory: /home/cqban/.cache/packer
2026/05/25 19:50:43 packer-provisioner-file plugin: Plugin address: unix /tmp/packer-plugin2448534133
2026/05/25 19:50:43 packer-provisioner-file plugin: Waiting for connection...
2026/05/25 19:50:43 Received unix RPC address for /usr/bin/packer: addr is /tmp/packer-plugin2448534133
2026/05/25 19:50:43 packer-provisioner-file plugin: Serving a plugin connection...
2026/05/25 19:50:43 packer-provisioner-file plugin: [DEBUG] - common: sending ConfigSpec as protobuf
2026/05/25 19:50:43 [DEBUG] - common: receiving ConfigSpec as protobuf
2026/05/25 19:50:43 packer-provisioner-file plugin: [DEBUG] - common: sending ConfigSpec as protobuf
2026/05/25 19:50:43 [DEBUG] - common: receiving ConfigSpec as protobuf
2026/05/25 19:50:43 [INFO] Starting external plugin /usr/bin/packer execute --protobuf packer-provisioner-windows-restart
2026/05/25 19:50:43 Starting plugin: /usr/bin/packer []string{"/usr/bin/packer", "execute", "--protobuf", "packer-provisioner-windows-restart"}
2026/05/25 19:50:43 Waiting for RPC address for: /usr/bin/packer
2026/05/25 19:50:43 packer-provisioner-windows-restart plugin: [INFO] Packer version: 1.15.3 [go1.25.9 linux amd64]
2026/05/25 19:50:43 packer-provisioner-windows-restart plugin: [INFO] PACKER_CONFIG env var not set; checking the default config file path
2026/05/25 19:50:43 packer-provisioner-windows-restart plugin: [INFO] PACKER_CONFIG env var set; attempting to open config file: /home/cqban/.packerconfig
2026/05/25 19:50:43 packer-provisioner-windows-restart plugin: [WARN] Config file doesn't exist: /home/cqban/.packerconfig
2026/05/25 19:50:43 packer-provisioner-windows-restart plugin: [INFO] Setting cache directory: /home/cqban/.cache/packer
2026/05/25 19:50:43 packer-provisioner-windows-restart plugin: Plugin address: unix /tmp/packer-plugin1119985648
2026/05/25 19:50:43 packer-provisioner-windows-restart plugin: Waiting for connection...
2026/05/25 19:50:43 Received unix RPC address for /usr/bin/packer: addr is /tmp/packer-plugin1119985648
2026/05/25 19:50:43 packer-provisioner-windows-restart plugin: Serving a plugin connection...
2026/05/25 19:50:43 packer-provisioner-windows-restart plugin: [DEBUG] - common: sending ConfigSpec as protobuf
2026/05/25 19:50:43 [DEBUG] - common: receiving ConfigSpec as protobuf
2026/05/25 19:50:43 packer-provisioner-windows-restart plugin: [DEBUG] - common: sending ConfigSpec as protobuf
2026/05/25 19:50:43 [DEBUG] - common: receiving ConfigSpec as protobuf
2026/05/25 19:50:43 [INFO] Starting external plugin /usr/bin/packer execute --protobuf packer-provisioner-powershell
2026/05/25 19:50:43 Starting plugin: /usr/bin/packer []string{"/usr/bin/packer", "execute", "--protobuf", "packer-provisioner-powershell"}
2026/05/25 19:50:43 Waiting for RPC address for: /usr/bin/packer
2026/05/25 19:50:43 packer-provisioner-powershell plugin: [INFO] Packer version: 1.15.3 [go1.25.9 linux amd64]
2026/05/25 19:50:43 packer-provisioner-powershell plugin: [INFO] PACKER_CONFIG env var not set; checking the default config file path
2026/05/25 19:50:43 packer-provisioner-powershell plugin: [INFO] PACKER_CONFIG env var set; attempting to open config file: /home/cqban/.packerconfig
2026/05/25 19:50:43 packer-provisioner-powershell plugin: [WARN] Config file doesn't exist: /home/cqban/.packerconfig
2026/05/25 19:50:43 packer-provisioner-powershell plugin: [INFO] Setting cache directory: /home/cqban/.cache/packer
2026/05/25 19:50:43 packer-provisioner-powershell plugin: Plugin address: unix /tmp/packer-plugin2405286692
2026/05/25 19:50:43 Received unix RPC address for /usr/bin/packer: addr is /tmp/packer-plugin2405286692
2026/05/25 19:50:43 packer-provisioner-powershell plugin: Waiting for connection...
2026/05/25 19:50:43 packer-provisioner-powershell plugin: Serving a plugin connection...
2026/05/25 19:50:43 packer-provisioner-powershell plugin: [DEBUG] - common: sending ConfigSpec as protobuf
2026/05/25 19:50:43 [DEBUG] - common: receiving ConfigSpec as protobuf
2026/05/25 19:50:43 packer-provisioner-powershell plugin: Using script default execute command powershell -executionpolicy bypass "& { if (Test-Path variable:global:ProgressPreference){set-variable -name variable:global:ProgressPreference -value 'SilentlyContinue'};. {{.Vars}}; &'{{.Path}}'; exit $LastExitCode }"
2026/05/25 19:50:43 packer-provisioner-powershell plugin: Using script default elevated execute command powershell -executionpolicy bypass "& { if (Test-Path variable:global:ProgressPreference){set-variable -name variable:global:ProgressPreference -value 'SilentlyContinue'};. {{.Vars}}; &'{{.Path}}'; exit $LastExitCode }"
2026/05/25 19:50:43 packer-provisioner-powershell plugin: [DEBUG] - common: sending ConfigSpec as protobuf
2026/05/25 19:50:43 [DEBUG] - common: receiving ConfigSpec as protobuf
2026/05/25 19:50:43 [INFO] Starting external plugin /usr/bin/packer execute --protobuf packer-provisioner-powershell
2026/05/25 19:50:43 Starting plugin: /usr/bin/packer []string{"/usr/bin/packer", "execute", "--protobuf", "packer-provisioner-powershell"}
2026/05/25 19:50:43 Waiting for RPC address for: /usr/bin/packer
2026/05/25 19:50:43 packer-provisioner-powershell plugin: [INFO] Packer version: 1.15.3 [go1.25.9 linux amd64]
2026/05/25 19:50:43 packer-provisioner-powershell plugin: [INFO] PACKER_CONFIG env var not set; checking the default config file path
2026/05/25 19:50:43 packer-provisioner-powershell plugin: [INFO] PACKER_CONFIG env var set; attempting to open config file: /home/cqban/.packerconfig
2026/05/25 19:50:43 packer-provisioner-powershell plugin: [WARN] Config file doesn't exist: /home/cqban/.packerconfig
2026/05/25 19:50:43 packer-provisioner-powershell plugin: [INFO] Setting cache directory: /home/cqban/.cache/packer
2026/05/25 19:50:43 packer-provisioner-powershell plugin: Plugin address: unix /tmp/packer-plugin882568578
2026/05/25 19:50:43 packer-provisioner-powershell plugin: Waiting for connection...
2026/05/25 19:50:43 Received unix RPC address for /usr/bin/packer: addr is /tmp/packer-plugin882568578
2026/05/25 19:50:43 packer-provisioner-powershell plugin: Serving a plugin connection...
2026/05/25 19:50:43 packer-provisioner-powershell plugin: [DEBUG] - common: sending ConfigSpec as protobuf
2026/05/25 19:50:43 [DEBUG] - common: receiving ConfigSpec as protobuf
2026/05/25 19:50:43 packer-provisioner-powershell plugin: Using script default execute command powershell -executionpolicy bypass "& { if (Test-Path variable:global:ProgressPreference){set-variable -name variable:global:ProgressPreference -value 'SilentlyContinue'};. {{.Vars}}; &'{{.Path}}'; exit $LastExitCode }"
2026/05/25 19:50:43 packer-provisioner-powershell plugin: Using script default elevated execute command powershell -executionpolicy bypass "& { if (Test-Path variable:global:ProgressPreference){set-variable -name variable:global:ProgressPreference -value 'SilentlyContinue'};. {{.Vars}}; &'{{.Path}}'; exit $LastExitCode }"
2026/05/25 19:50:43 packer-provisioner-powershell plugin: [DEBUG] - common: sending ConfigSpec as protobuf
2026/05/25 19:50:43 [DEBUG] - common: receiving ConfigSpec as protobuf
2026/05/25 19:50:43 [INFO] Starting external plugin /usr/bin/packer execute --protobuf packer-provisioner-file
2026/05/25 19:50:43 Starting plugin: /usr/bin/packer []string{"/usr/bin/packer", "execute", "--protobuf", "packer-provisioner-file"}
2026/05/25 19:50:43 Waiting for RPC address for: /usr/bin/packer
2026/05/25 19:50:43 packer-provisioner-file plugin: [INFO] Packer version: 1.15.3 [go1.25.9 linux amd64]
2026/05/25 19:50:43 packer-provisioner-file plugin: [INFO] PACKER_CONFIG env var not set; checking the default config file path
2026/05/25 19:50:43 packer-provisioner-file plugin: [INFO] PACKER_CONFIG env var set; attempting to open config file: /home/cqban/.packerconfig
2026/05/25 19:50:43 packer-provisioner-file plugin: [WARN] Config file doesn't exist: /home/cqban/.packerconfig
2026/05/25 19:50:43 packer-provisioner-file plugin: [INFO] Setting cache directory: /home/cqban/.cache/packer
2026/05/25 19:50:43 packer-provisioner-file plugin: Plugin address: unix /tmp/packer-plugin4152956897
2026/05/25 19:50:43 packer-provisioner-file plugin: Waiting for connection...
2026/05/25 19:50:43 Received unix RPC address for /usr/bin/packer: addr is /tmp/packer-plugin4152956897
2026/05/25 19:50:43 packer-provisioner-file plugin: Serving a plugin connection...
2026/05/25 19:50:43 packer-provisioner-file plugin: [DEBUG] - common: sending ConfigSpec as protobuf
2026/05/25 19:50:43 [DEBUG] - common: receiving ConfigSpec as protobuf
2026/05/25 19:50:43 packer-provisioner-file plugin: [DEBUG] - common: sending ConfigSpec as protobuf
2026/05/25 19:50:43 [DEBUG] - common: receiving ConfigSpec as protobuf
2026/05/25 19:50:43 [INFO] Starting external plugin /usr/bin/packer execute --protobuf packer-provisioner-powershell
2026/05/25 19:50:43 Starting plugin: /usr/bin/packer []string{"/usr/bin/packer", "execute", "--protobuf", "packer-provisioner-powershell"}
2026/05/25 19:50:43 Waiting for RPC address for: /usr/bin/packer
2026/05/25 19:50:43 packer-provisioner-powershell plugin: [INFO] Packer version: 1.15.3 [go1.25.9 linux amd64]
2026/05/25 19:50:43 packer-provisioner-powershell plugin: [INFO] PACKER_CONFIG env var not set; checking the default config file path
2026/05/25 19:50:43 packer-provisioner-powershell plugin: [INFO] PACKER_CONFIG env var set; attempting to open config file: /home/cqban/.packerconfig
2026/05/25 19:50:43 packer-provisioner-powershell plugin: [WARN] Config file doesn't exist: /home/cqban/.packerconfig
2026/05/25 19:50:43 packer-provisioner-powershell plugin: [INFO] Setting cache directory: /home/cqban/.cache/packer
2026/05/25 19:50:43 packer-provisioner-powershell plugin: Plugin address: unix /tmp/packer-plugin569136610
2026/05/25 19:50:43 packer-provisioner-powershell plugin: Waiting for connection...
2026/05/25 19:50:43 Received unix RPC address for /usr/bin/packer: addr is /tmp/packer-plugin569136610
2026/05/25 19:50:43 packer-provisioner-powershell plugin: Serving a plugin connection...
2026/05/25 19:50:43 packer-provisioner-powershell plugin: [DEBUG] - common: sending ConfigSpec as protobuf
2026/05/25 19:50:43 [DEBUG] - common: receiving ConfigSpec as protobuf
2026/05/25 19:50:43 packer-provisioner-powershell plugin: Using script default execute command powershell -executionpolicy bypass "& { if (Test-Path variable:global:ProgressPreference){set-variable -name variable:global:ProgressPreference -value 'SilentlyContinue'};. {{.Vars}}; &'{{.Path}}'; exit $LastExitCode }"
2026/05/25 19:50:43 packer-provisioner-powershell plugin: Using script default elevated execute command powershell -executionpolicy bypass "& { if (Test-Path variable:global:ProgressPreference){set-variable -name variable:global:ProgressPreference -value 'SilentlyContinue'};. {{.Vars}}; &'{{.Path}}'; exit $LastExitCode }"
2026/05/25 19:50:43 packer-provisioner-powershell plugin: [DEBUG] - common: sending ConfigSpec as protobuf
2026/05/25 19:50:43 [DEBUG] - common: receiving ConfigSpec as protobuf
2026/05/25 19:50:43 ui: [1;32mwindows-server-2022.proxmox-iso.windows-server-2022: output will be in this color.[0m
2026/05/25 19:50:43 ui: 
2026/05/25 19:50:43 Build debug mode: false
2026/05/25 19:50:43 Force build: false
2026/05/25 19:50:43 On error: 
2026/05/25 19:50:43 Waiting on builds to complete...
2026/05/25 19:50:43 Starting build run: windows-server-2022.proxmox-iso.windows-server-2022
2026/05/25 19:50:43 Running builder: proxmox-iso
2026/05/25 19:50:43 [INFO] (telemetry) Starting builder proxmox-iso.windows-server-2022
2026/05/25 19:50:43 packer-plugin-proxmox_v1.2.3_x5.0_linux_amd64 plugin: 2026/05/25 19:50:43 using password auth
2026/05/25 19:50:44 packer-plugin-proxmox_v1.2.3_x5.0_linux_amd64 plugin: 2026/05/25 19:50:44 No CD files specified. CD disk will not be made.
2026/05/25 19:50:44 packer-plugin-proxmox_v1.2.3_x5.0_linux_amd64 plugin: 2026/05/25 19:50:44 No URLs were provided to Step Download. Continuing...
2026/05/25 19:50:44 packer-plugin-proxmox_v1.2.3_x5.0_linux_amd64 plugin: 2026/05/25 19:50:44 No CD files specified. CD disk will not be made.
2026/05/25 19:50:44 packer-plugin-proxmox_v1.2.3_x5.0_linux_amd64 plugin: 2026/05/25 19:50:44 No URLs were provided to Step Download. Continuing...
2026/05/25 19:50:44 packer-plugin-proxmox_v1.2.3_x5.0_linux_amd64 plugin: 2026/05/25 19:50:44 No CD files specified. CD disk will not be made.
2026/05/25 19:50:44 packer-plugin-proxmox_v1.2.3_x5.0_linux_amd64 plugin: 2026/05/25 19:50:44 No URLs were provided to Step Download. Continuing...
2026/05/25 19:50:44 ui: [1;32m==> windows-server-2022.proxmox-iso.windows-server-2022: Creating CD disk...[0m
2026/05/25 19:50:44 packer-plugin-proxmox_v1.2.3_x5.0_linux_amd64 plugin: 2026/05/25 19:50:44 CD label is set to Unattend
2026/05/25 19:50:44 packer-plugin-proxmox_v1.2.3_x5.0_linux_amd64 plugin: 2026/05/25 19:50:44 CD path: /tmp/packer1919029962.iso
2026/05/25 19:50:44 packer-plugin-proxmox_v1.2.3_x5.0_linux_amd64 plugin: 2026/05/25 19:50:44 Executing: /usr/bin/xorriso [-as genisoimage -rock -joliet -volid Unattend -output /tmp/packer1919029962.iso /tmp/packer_to_cdrom1337216790]
2026/05/25 19:50:44 ui: [1;32m==> windows-server-2022.proxmox-iso.windows-server-2022: xorriso 1.5.6 : RockRidge filesystem manipulator, libburnia project.[0m
2026/05/25 19:50:44 ui: [1;32m==> windows-server-2022.proxmox-iso.windows-server-2022: Drive current: -outdev 'stdio:/tmp/packer1919029962.iso'[0m
2026/05/25 19:50:44 ui: [1;32m==> windows-server-2022.proxmox-iso.windows-server-2022: Media current: stdio file, overwriteable[0m
2026/05/25 19:50:44 ui: [1;32m==> windows-server-2022.proxmox-iso.windows-server-2022: Media status : is blank[0m
2026/05/25 19:50:44 ui: [1;32m==> windows-server-2022.proxmox-iso.windows-server-2022: Media summary: 0 sessions, 0 data blocks, 0 data, 15.3g free[0m
2026/05/25 19:50:44 ui: [1;32m==> windows-server-2022.proxmox-iso.windows-server-2022: xorriso : WARNING : -volid text does not comply to ISO 9660 / ECMA 119 rules[0m
2026/05/25 19:50:44 ui: [1;32m==> windows-server-2022.proxmox-iso.windows-server-2022: Added to ISO image: directory '/'='/tmp/packer_to_cdrom1337216790'[0m
2026/05/25 19:50:44 ui: [1;32m==> windows-server-2022.proxmox-iso.windows-server-2022: xorriso : UPDATE :       1 files added in 1 seconds[0m
2026/05/25 19:50:44 ui: [1;32m==> windows-server-2022.proxmox-iso.windows-server-2022: xorriso : UPDATE :       1 files added in 1 seconds[0m
2026/05/25 19:50:44 ui: [1;32m==> windows-server-2022.proxmox-iso.windows-server-2022: ISO image produced: 188 sectors[0m
2026/05/25 19:50:44 ui: [1;32m==> windows-server-2022.proxmox-iso.windows-server-2022: Written to medium : 188 sectors at LBA 0[0m
2026/05/25 19:50:44 ui: [1;32m==> windows-server-2022.proxmox-iso.windows-server-2022: Writing to 'stdio:/tmp/packer1919029962.iso' completed successfully.[0m
2026/05/25 19:50:44 ui: [1;32m==> windows-server-2022.proxmox-iso.windows-server-2022: Done copying paths from CD_dirs[0m
2026/05/25 19:50:44 packer-plugin-proxmox_v1.2.3_x5.0_linux_amd64 plugin: 2026/05/25 19:50:44 No URLs were provided to Step Download. Continuing...
2026/05/25 19:50:46 ui: [1;32m==> windows-server-2022.proxmox-iso.windows-server-2022: Uploaded ISO to local:iso/packer1919029962.iso[0m
2026/05/25 19:50:46 packer-plugin-proxmox_v1.2.3_x5.0_linux_amd64 plugin: 2026/05/25 19:50:46 Mapping static assigned ISO to ide2
2026/05/25 19:50:46 packer-plugin-proxmox_v1.2.3_x5.0_linux_amd64 plugin: 2026/05/25 19:50:46 Mapping static assigned ISO to ide0
2026/05/25 19:50:46 packer-plugin-proxmox_v1.2.3_x5.0_linux_amd64 plugin: 2026/05/25 19:50:46 Mapping static assigned ISO to ide1
2026/05/25 19:50:46 packer-plugin-proxmox_v1.2.3_x5.0_linux_amd64 plugin: 2026/05/25 19:50:46 Mapping static assigned ISO to sata0
2026/05/25 19:50:46 packer-plugin-proxmox_v1.2.3_x5.0_linux_amd64 plugin: 2026/05/25 19:50:46 Mapping Disk to scsi0
2026/05/25 19:50:46 ui: [1;32m==> windows-server-2022.proxmox-iso.windows-server-2022: Creating VM[0m
2026/05/25 19:50:49 ui: [1;32m==> windows-server-2022.proxmox-iso.windows-server-2022: Starting VM[0m
2026/05/25 19:51:03 ui error: [1;31m==> windows-server-2022.proxmox-iso.windows-server-2022: Error starting VM: start failed: QEMU exited with code 1[0m
2026/05/25 19:51:03 ui: [1;32m==> windows-server-2022.proxmox-iso.windows-server-2022: Stopping VM[0m
2026/05/25 19:51:03 ui: [1;32m==> windows-server-2022.proxmox-iso.windows-server-2022: Deleting VM[0m
2026/05/25 19:51:04 ui: [1;32m==> windows-server-2022.proxmox-iso.windows-server-2022: Deleted generated ISO from local:iso/packer1919029962.iso[0m
2026/05/25 19:51:04 packer-plugin-proxmox_v1.2.3_x5.0_linux_amd64 plugin: 2026/05/25 19:51:04 Deleting CD disk: /tmp/packer1919029962.iso
2026/05/25 19:51:04 [INFO] (telemetry) ending proxmox-iso.windows-server-2022
2026/05/25 19:51:04 ui error: [1;31mBuild 'windows-server-2022.proxmox-iso.windows-server-2022' errored after 21 seconds 437 milliseconds: Error starting VM: start failed: QEMU exited with code 1[0m
2026/05/25 19:51:04 ui: 
==> Wait completed after 21 seconds 437 milliseconds
2026/05/25 19:51:04 machine readable: error-count []string{"1"}
2026/05/25 19:51:04 ui error: 
==> Some builds didn't complete successfully and had errors:
2026/05/25 19:51:04 machine readable: windows-server-2022.proxmox-iso.windows-server-2022,error []string{"Error starting VM: start failed: QEMU exited with code 1"}
2026/05/25 19:51:04 ui error: --> windows-server-2022.proxmox-iso.windows-server-2022: Error starting VM: start failed: QEMU exited with code 1
2026/05/25 19:51:04 ui: 
==> Builds finished but no artifacts were created.
2026/05/25 19:51:04 [INFO] (telemetry) Finalizing.
2026/05/25 19:51:04 waiting for all plugin processes to complete...
2026/05/25 19:51:04 /usr/bin/packer: plugin process exited
2026/05/25 19:51:04 /usr/bin/packer: plugin process exited
2026/05/25 19:51:04 /usr/bin/packer: plugin process exited
2026/05/25 19:51:04 /home/cqban/.config/packer/plugins/github.com/hashicorp/proxmox/packer-plugin-proxmox_v1.2.3_x5.0_linux_amd64: plugin process exited
2026/05/25 19:51:04 /usr/bin/packer: plugin process exited
2026/05/25 19:51:04 /usr/bin/packer: plugin process exited
2026/05/25 19:51:04 /usr/bin/packer: plugin process exited
2026/05/25 19:51:04 /usr/bin/packer: plugin process exited
2026/05/25 19:51:04 /usr/bin/packer: plugin process exited
2026/05/25 19:51:04 /usr/bin/packer: plugin process exited
2026/05/25 19:51:04 /usr/bin/packer: plugin process exited
